Archive member included because of file (symbol)

g:/32bitmicro/win32/arm-2009q3/lib/gcc/arm-none-eabi/4.4.1/thumb2\libgcc.a(_aeabi_uldivmod.o)
                              g:/32bitmicro/src/nxp/lpc17xx/LPC1700CMSIS/Drivers/source/lpc17xx_i2s.o (__aeabi_uldivmod)
g:/32bitmicro/win32/arm-2009q3/lib/gcc/arm-none-eabi/4.4.1/thumb2\libgcc.a(bpabi.o)
                              g:/32bitmicro/win32/arm-2009q3/lib/gcc/arm-none-eabi/4.4.1/thumb2\libgcc.a(_aeabi_uldivmod.o) (__gnu_uldivmod_helper)
g:/32bitmicro/win32/arm-2009q3/lib/gcc/arm-none-eabi/4.4.1/thumb2\libgcc.a(_dvmd_tls.o)
                              g:/32bitmicro/win32/arm-2009q3/lib/gcc/arm-none-eabi/4.4.1/thumb2\libgcc.a(_aeabi_uldivmod.o) (__aeabi_ldiv0)
g:/32bitmicro/win32/arm-2009q3/lib/gcc/arm-none-eabi/4.4.1/thumb2\libgcc.a(_divdi3.o)
                              g:/32bitmicro/win32/arm-2009q3/lib/gcc/arm-none-eabi/4.4.1/thumb2\libgcc.a(bpabi.o) (__divdi3)
g:/32bitmicro/win32/arm-2009q3/lib/gcc/arm-none-eabi/4.4.1/thumb2\libgcc.a(_udivdi3.o)
                              g:/32bitmicro/win32/arm-2009q3/lib/gcc/arm-none-eabi/4.4.1/thumb2\libgcc.a(bpabi.o) (__udivdi3)
g:/32bitmicro/win32/arm-2009q3/lib/gcc/arm-none-eabi/4.4.1/thumb2\libgcc.a(_udivsi3.o)
                              g:/32bitmicro/win32/arm-2009q3/lib/gcc/arm-none-eabi/4.4.1/thumb2\libgcc.a(_divdi3.o) (__aeabi_uidiv)
g:/32bitmicro/win32/arm-2009q3/arm-none-eabi/lib/thumb2\libcs3.a(start_c.o)
                              (__cs3_start_c)
g:/32bitmicro/win32/arm-2009q3/arm-none-eabi/lib/thumb2\libc.a(lib_a-init.o)
                              g:/32bitmicro/win32/arm-2009q3/arm-none-eabi/lib/thumb2\libcs3.a(start_c.o) (__libc_init_array)

Allocating common symbols
Common symbol       size              file

_db_dec             0x4               debug_frmwrk.o
_db_dec_32          0x4               debug_frmwrk.o
_db_hex_32          0x4               debug_frmwrk.o
_db_dec_16          0x4               debug_frmwrk.o
UARTConfigStruct    0x8               lcdtest.o
_db_msg             0x4               debug_frmwrk.o
_db_get_char        0x4               debug_frmwrk.o
_db_msg_            0x4               debug_frmwrk.o
_db_char            0x4               debug_frmwrk.o
_db_hex             0x4               debug_frmwrk.o
_db_hex_16          0x4               debug_frmwrk.o
FULLCAN_ENABLE      0x1               g:/32bitmicro/src/nxp/lpc17xx/LPC1700CMSIS/Drivers/source/lpc17xx_can.o
