
../common/src/startup_LPC17xx.o:     file format elf32-littlearm


Disassembly of section .text:

00000000 <.text>:
	...

Disassembly of section .stack:

00000000 <__stack>:
	...

Disassembly of section .heap:

00000000 <__heap>:
	...

Disassembly of section .isr_vector:

00000000 <__isr_vectors>:
	...

Disassembly of section .text.Reset_Handler:

00000000 <Reset_Handler>:
   0:	480e      	ldr	r0, [pc, #56]	(3c <SysTick_Handler+0x4>)
   2:	490f      	ldr	r1, [pc, #60]	(40 <SysTick_Handler+0x8>)
   4:	f04f 0200 	mov.w	r2, #0	; 0x0
   8:	f800 2b01 	strb.w	r2, [r0], #1
   c:	4288      	cmp	r0, r1
   e:	dbfb      	blt.n	8 <Reset_Handler+0x8>
  10:	480c      	ldr	r0, [pc, #48]	(44 <SysTick_Handler+0xc>)
  12:	490d      	ldr	r1, [pc, #52]	(48 <SysTick_Handler+0x10>)
  14:	f04f 0200 	mov.w	r2, #0	; 0x0
  18:	f810 3b01 	ldrb.w	r3, [r0], #1
  1c:	f802 3b01 	strb.w	r3, [r2], #1
  20:	4288      	cmp	r0, r1
  22:	dbf9      	blt.n	18 <Reset_Handler+0x18>
  24:	4809      	ldr	r0, [pc, #36]	(4c <SysTick_Handler+0x14>)
  26:	4700      	bx	r0

00000028 <NMI_Handler>:
  28:	e7fe      	b.n	28 <NMI_Handler>

0000002a <HardFault_Handler>:
  2a:	e7fe      	b.n	2a <HardFault_Handler>

0000002c <MemManage_Handler>:
  2c:	e7fe      	b.n	2c <MemManage_Handler>

0000002e <BusFault_Handler>:
  2e:	e7fe      	b.n	2e <BusFault_Handler>

00000030 <UsageFault_Handler>:
  30:	e7fe      	b.n	30 <UsageFault_Handler>

00000032 <SVC_Handler>:
  32:	e7fe      	b.n	32 <SVC_Handler>

00000034 <DebugMon_Handler>:
  34:	e7fe      	b.n	34 <DebugMon_Handler>

00000036 <PendSV_Handler>:
  36:	e7fe      	b.n	36 <PendSV_Handler>

00000038 <SysTick_Handler>:
  38:	e7fe      	b.n	38 <SysTick_Handler>
	...

Disassembly of section .ARM.exidx.text.Reset_Handler:

00000000 <.ARM.exidx.text.Reset_Handler>:
   0:	00000000 	.word	0x00000000
   4:	00000001 	.word	0x00000001

Disassembly of section .text.Default_Handler:

00000000 <ADC_IRQHandler>:
   0:	e7fe      	b.n	0 <ADC_IRQHandler>

Disassembly of section .ARM.attributes:

00000000 <.ARM.attributes>:
   0:	00002041 	andeq	r2, r0, r1, asr #32
   4:	61656100 	cmnvs	r5, r0, lsl #2
   8:	01006962 	tsteq	r0, r2, ror #18
   c:	00000016 	andeq	r0, r0, r6, lsl r0
  10:	524f4305 	subpl	r4, pc, #335544320	; 0x14000000
  14:	2d584554 	cfldr64cs	mvdx4, [r8, #-336]
  18:	0600334d 	streq	r3, [r0], -sp, asr #6
  1c:	094d070a 	stmdbeq	sp, {r1, r3, r8, r9, sl}^
  20:	Address 0x00000020 is out of bounds.

