Archive member included because of file (symbol)

libx.a(getutim.o)             user.o (getutim)
libx.a(netstart.o)            ../sys/initialize.o (netstart)
libx.a(setmask.o)             libx.a(netstart.o) (ip_maskall)
libx.a(slowtimer.o)           libx.a(netstart.o) (slowtimer)
libx.a(sninit.o)              libx.a(netstart.o) (IfNumber)
libx.a(clkinit.o)             ../sys/initialize.o (clkinit)
libx.a(close.o)               libx.a(getutim.o) (close)
libx.a(conf.o)                libx.a(close.o) (devtab)
libx.a(control.o)             libx.a(getutim.o) (control)
libx.a(create.o)              ../sys/initialize.o (create)
libx.a(evec.o)                ../sys/initialize.o (initevec)
libx.a(getstk.o)              libx.a(create.o) (getstk)
libx.a(gettime.o)             libx.a(slowtimer.o) (gettime)
libx.a(gpq.o)                 libx.a(netstart.o) (newq)
libx.a(init.o)                ../sys/initialize.o (init)
libx.a(ioerr.o)               libx.a(conf.o) (ioerr)
libx.a(ionull.o)              libx.a(conf.o) (ionull)
libx.a(kprintf.o)             ../sys/initialize.o (kprintf)
libx.a(kputc.o)               libx.a(kprintf.o) (kputc)
libx.a(mark.o)                ../sys/initialize.o (_mkinit)
libx.a(naminit.o)             libx.a(conf.o) (naminit)
libx.a(namopen.o)             libx.a(conf.o) (namopen)
libx.a(newqueue.o)            ../sys/initialize.o (newqueue)
libx.a(open.o)                ../sys/initialize.o (open)
libx.a(panic.o)               libx.a(getutim.o) (panic)
libx.a(read.o)                libx.a(getutim.o) (read)
libx.a(recvtim.o)             libx.a(netstart.o) (recvtim)
libx.a(resched.o)             libx.a(recvtim.o) (resched)
libx.a(resume.o)              ../sys/initialize.o (resume)
libx.a(screate.o)             libx.a(netstart.o) (screate)
libx.a(sdelete.o)             libx.a(gpq.o) (sdelete)
libx.a(signal.o)              libx.a(getutim.o) (signal)
libx.a(sleep.o)               libx.a(netstart.o) (sleep)
libx.a(sleep10.o)             libx.a(sleep.o) (sleep10)
libx.a(userret.o)             libx.a(create.o) (userret)
libx.a(wait.o)                libx.a(getutim.o) (wait)
libx.a(write.o)               libx.a(getutim.o) (write)
libx.a(noclose.o)             libx.a(conf.o) (noclose)
libx.a(nocntl.o)              libx.a(conf.o) (nocntl)
libx.a(nogetc.o)              libx.a(conf.o) (nogetc)
libx.a(noopen.o)              libx.a(conf.o) (noopen)
libx.a(noputc.o)              libx.a(conf.o) (noputc)
libx.a(noread.o)              libx.a(conf.o) (noread)
libx.a(noseek.o)              libx.a(conf.o) (noseek)
libx.a(nowrite.o)             libx.a(conf.o) (nowrite)
libx.a(noiint.o)              libx.a(conf.o) (noiint)
libx.a(nooint.o)              libx.a(conf.o) (nooint)
libx.a(i386.o)                libx.a(evec.o) (init8259)
libx.a(tcpclose.o)            libx.a(conf.o) (tcpclose)
libx.a(tcpcntl.o)             libx.a(conf.o) (tcpcntl)
libx.a(tcpgetc.o)             libx.a(conf.o) (tcpgetc)
libx.a(tcpinit.o)             libx.a(conf.o) (tcpinit)
libx.a(tcplq.o)               libx.a(tcpcntl.o) (tcplq)
libx.a(tcpmcntl.o)            libx.a(conf.o) (tcpmcntl)
libx.a(tcpmopen.o)            libx.a(conf.o) (tcpmopen)
libx.a(tcpputc.o)             libx.a(conf.o) (tcpputc)
libx.a(tcpread.o)             libx.a(conf.o) (tcpread)
libx.a(tcpserver.o)           libx.a(tcpmopen.o) (tcpserver)
libx.a(tcpstat.o)             libx.a(tcpcntl.o) (tcpstat)
libx.a(tcpuopt.o)             libx.a(tcpcntl.o) (tcpuopt)
libx.a(tcpwr.o)               libx.a(tcpcntl.o) (tcpwr)
libx.a(tcpwrite.o)            libx.a(conf.o) (tcpwrite)
libx.a(tcpinp.o)              libx.a(netstart.o) (tcpinp)
libx.a(tcpkick.o)             libx.a(tcpclose.o) (tcpkick)
libx.a(tcpnet2h.o)            libx.a(tcpinp.o) (tcpnet2h)
libx.a(tcpok.o)               libx.a(tcpinp.o) (tcpok)
libx.a(tcpopts.o)             libx.a(tcpinp.o) (tcpopts)
libx.a(tcpout.o)              libx.a(netstart.o) (tcpout)
libx.a(tcpreset.o)            libx.a(tcpinp.o) (tcpreset)
libx.a(tcpsmss.o)             libx.a(tcpopts.o) (tcpsmss)
libx.a(tcpswitch.o)           libx.a(tcpinp.o) (tcpswitch)
libx.a(tcpsync.o)             libx.a(tcpmopen.o) (tcpsync)
libx.a(tcpsynrcvd.o)          libx.a(tcpswitch.o) (tcpsynrcvd)
libx.a(tcpsynsent.o)          libx.a(tcpswitch.o) (tcpsynsent)
libx.a(tcptimewait.o)         libx.a(tcpswitch.o) (tcptimewait)
libx.a(tcpwait.o)             libx.a(tcptimewait.o) (tcpwait)
libx.a(tcpwakeup.o)           libx.a(tcpread.o) (tcpwakeup)
libx.a(tcpxmit.o)             libx.a(tcpswitch.o) (tcpxmit)
libx.a(tcptimer.o)            libx.a(netstart.o) (tcptimer)
libx.a(tmclear.o)             libx.a(tcpxmit.o) (tmclear)
libx.a(tmleft.o)              libx.a(tcpkick.o) (tmleft)
libx.a(tmset.o)               libx.a(tcpkick.o) (tmset)
libx.a(ttycntl.o)             libx.a(conf.o) (ttycntl)
libx.a(ttygetc.o)             libx.a(conf.o) (ttygetc)
libx.a(ttyiin.o)              libx.a(conf.o) (ttyiin)
[...]
Memory Configuration

Name             Origin             Length             Attributes
*default*        0x00000000         0xffffffff

Linker script and memory map

                0x00101000                . = 0x101000
                0x00101000                PROVIDE (__executable_start, .)

.init
 *(.init)

.text           0x00101000    0x2ca74
 *(.text .stub .text.* .gnu.linkonce.t.*)
 .text          0x00101000       0x8e ../sys/com32/c32entry.o
                0x00101067                inb
                0x0010108d                lidt
                0x0010106f                inw
                0x00101004                _start
                0x00101000                com32topmem
                0x00101078                outb
                0x00101051                delay
                0x00101082                outw
                0x00101004                start
 *fill*         0x0010108e        0x2 90909090
 .text          0x00101090      0x378 ../sys/arch/x86/intr.o
                0x00101397                pause
                0x001012cc                _Xint47
                0x0010114b                _Xint12
                0x00101227                _Xint32
                0x001012ab                _Xint44
                0x0010112a                _Xint9
                0x00101407                _Xignore
                0x00101182                _Xint17
                0x001012b6                _Xint45
                0x00101156                _Xint13
                0x001010f9                _Xint4
                0x00101114                _Xint7
                0x00101161                _Xint14
                0x0010118d                _Xint18
                0x00101274                _Xint39
                0x001013a4                enable
                0x0010121c                _Xint31
                0x001011ae                _Xint21
                0x001011f0                _Xint27
                0x00101253                _Xint36
                0x001013b5                disable
                0x0010128a                _Xint41
                0x00101269                _Xint38
                0x001012a0                _Xint43
                0x0010116c                _Xint15
                0x001012c1                _Xint46
                0x001010d9                _Xint0
                0x001011b9                _Xint22
                0x00101101                _Xint5
                0x001011cf                _Xint24
                0x001010e9                _Xint2
                0x0010125e                _Xint37
                0x001011c4                _Xint23
                0x001012d7                defevec
                0x00101232                _Xint33
                0x001011da                _Xint25
                0x001011fb                _Xint28
                0x0010127f                _Xint40
                0x0010123d                _Xint34
                0x00101135                _Xint10
                0x00101295                _Xint42
                0x001013f7                getirmask
                0x00101198                _Xint19
                0x0010139e                halt
                0x001013dd                restore
                0x0010111f                _Xint8
                0x001010f1                _Xint3
                0x00101211                _Xint30
                0x00101206                _Xint29
                0x001011a3                _Xint20
                0x00101109                _Xint6
                0x001011e5                _Xint26
                0x00101177                _Xint16
                0x00101248                _Xint35
                0x00101140                _Xint11
                0x001010e1                _Xint1
 .text          0x00101408      0x523 ../sys/initialize.o
                0x00101408                nulluser
                0x0010187d                sizmem
                0x00101854                _stop
 *fill*         0x0010192b        0x1 90909090
 .text          0x0010192c       0x9b user.o
                0x001019c6                __main
                0x0010192c                user1
                0x00101971                main
 *fill*         0x001019c7        0x1 90909090
 .text          0x001019c8      0x129 libx.a(getutim.o)
                0x001019c8                getutim
 *fill*         0x00101af1        0x3 90909090
 .text          0x00101af4      0x7fc libx.a(netstart.o)
                0x00101af4                netstart
 .text          0x001022f0      0x473 libx.a(setmask.o)
                0x001022f0                setmask
 *fill*         0x00102763        0x1 90909090
 .text          0x00102764       0xb6 libx.a(slowtimer.o)
                0x00102764                slowtimer
 *fill*         0x0010281a        0x2 90909090
 .text          0x0010281c       0xb9 libx.a(sninit.o)
                0x0010281c                sninit
 *fill*         0x001028d5        0x3 90909090
 .text          0x001028d8      0x235 libx.a(clkinit.o)
                0x001028d8                clkinit
                0x00102af0                clktest
                0x00102946                compute_delay
 *fill*         0x00102b0d        0x3 90909090
 .text          0x00102b10       0x51 libx.a(close.o)
                0x00102b10                close
 *fill*         0x00102b61        0x3 90909090
 .text          0x00102b64        0x0 libx.a(conf.o)
 .text          0x00102b64       0x8e libx.a(control.o)
                0x00102b64                control
 *fill*         0x00102bf2        0x2 90909090
 .text          0x00102bf4      0x710 libx.a(create.o)
                0x0010329d                dumppentry
                0x00102bf4                create
                0x00102fc4                dumpstack
 .text          0x00103304      0x798 libx.a(evec.o)
                0x00103304                initevec
                0x0010373a                doevec
                0x00103390                set_evec
                0x00103436                trap
 .text          0x00103a9c      0x124 libx.a(getstk.o)
                0x00103a9c                getstk
 .text          0x00103bc0       0x43 libx.a(gettime.o)
                0x00103bc0                gettime
 *fill*         0x00103c03        0x1 90909090
 .text          0x00103c04      0x7d9 libx.a(gpq.o)
                0x00103f4d                headq
                0x00104029                seeq
                0x00104367                lenq
                0x00103de9                deq
                0x00104290                freeq
                0x0010417b                newq
                0x00103c04                enq
 *fill*         0x001043dd        0x3 90909090
 .text          0x001043e0       0x51 libx.a(init.o)
                0x001043e0                init
 *fill*         0x00104431        0x3 90909090
 .text          0x00104434        0x1 libx.a(ioerr.o)
                0x00104434                ioerr
 *fill*         0x00104435        0x3 90909090
 .text          0x00104438        0x6 libx.a(ionull.o)
                0x00104438                ionull
 *fill*         0x0010443e        0x2 90909090
 .text          0x00104440       0x86 libx.a(kprintf.o)
                0x00104440                kprintf
 *fill*         0x001044c6        0x2 90909090
 .text          0x001044c8       0x20 libx.a(kputc.o)
                0x001044c8                kputc
 .text          0x001044e8       0xc7 libx.a(mark.o)
                0x001044e8                _mkinit
                0x0010450b                mark
 *fill*         0x001045af        0x1 90909090
 .text          0x001045b0      0x125 libx.a(naminit.o)
                0x001045b0                naminit
 *fill*         0x001046d5        0x3 90909090
 .text          0x001046d8       0x60 libx.a(namopen.o)
                0x001046d8                namopen
 .text          0x00104738       0x97 libx.a(newqueue.o)
                0x00104738                newqueue
 *fill*         0x001047cf        0x1 90909090
 .text          0x001047d0       0x69 libx.a(open.o)
                0x001047d0                open
 *fill*         0x00104839        0x3 90909090
 .text          0x0010483c       0xb7 libx.a(panic.o)
                0x0010483c                panic
 *fill*         0x001048f3        0x1 90909090
 .text          0x001048f4       0x5a libx.a(read.o)
                0x001048f4                read
 *fill*         0x0010494e        0x2 90909090
 .text          0x00104950       0xfc libx.a(recvtim.o)
                0x00104950                recvtim
 .text          0x00104a4c      0x222 libx.a(resched.o)
                0x00104a4c                resched
                0x00104c07                PrintSaved
 *fill*         0x00104c6e        0x2 90909090
 .text          0x00104c70       0x9d libx.a(resume.o)
                0x00104c70                resume
 *fill*         0x00104d0d        0x3 90909090
 .text          0x00104d10      0x110 libx.a(screate.o)
                0x00104d10                screate
 .text          0x00104e20      0x102 libx.a(sdelete.o)
                0x00104e20                sdelete
 *fill*         0x00104f22        0x2 90909090
 .text          0x00104f24       0xb5 libx.a(signal.o)
                0x00104f24                signal
 *fill*         0x00104fd9        0x3 90909090
 .text          0x00104fdc       0xa8 libx.a(sleep.o)
                0x00104fdc                sleep
 .text          0x00105084       0xd1 libx.a(sleep10.o)
                0x00105084                sleep10
 *fill*         0x00105155        0x3 90909090
 .text          0x00105158       0x18 libx.a(userret.o)
                0x00105158                userret
 .text          0x00105170       0xe7 libx.a(wait.o)
                0x00105170                wait
 *fill*         0x00105257        0x1 90909090
 .text          0x00105258       0x5a libx.a(write.o)
                0x00105258                write
 *fill*         0x001052b2        0x2 90909090
 .text          0x001052b4        0x6 libx.a(noclose.o)
                0x001052b4                noclose
 *fill*         0x001052ba        0x2 90909090
 .text          0x001052bc        0x6 libx.a(nocntl.o)
                0x001052bc                nocntl
 *fill*         0x001052c2        0x2 90909090
 .text          0x001052c4        0x6 libx.a(nogetc.o)
                0x001052c4                nogetc
 *fill*         0x001052ca        0x2 90909090
 .text          0x001052cc        0x6 libx.a(noopen.o)
                0x001052cc                noopen
 *fill*         0x001052d2        0x2 90909090
 .text          0x001052d4       0x13 libx.a(noputc.o)
                0x001052d4                noputc
 *fill*         0x001052e7        0x1 90909090
 .text          0x001052e8        0x6 libx.a(noread.o)
                0x001052e8                noread
 *fill*         0x001052ee        0x2 90909090
 .text          0x001052f0        0x6 libx.a(noseek.o)
                0x001052f0                noseek
 *fill*         0x001052f6        0x2 90909090
 .text          0x001052f8        0x6 libx.a(nowrite.o)
                0x001052f8                nowrite
 *fill*         0x001052fe        0x2 90909090
 .text          0x00105300        0xe libx.a(noiint.o)
                0x00105300                noiint
 *fill*         0x0010530e        0x2 90909090
 .text          0x00105310        0x1 libx.a(nooint.o)
                0x00105310                nooint
 *fill*         0x00105311        0x3 90909090
 .text          0x00105314      0x35b libx.a(i386.o)
                0x00105413                init8259
                0x001054cf                pseg
                0x00105314                setsegs
 *fill*         0x0010566f        0x1 90909090
 .text          0x00105670      0x193 libx.a(tcpclose.o)
                0x00105670                tcpclose
 *fill*         0x00105803        0x1 90909090
 .text          0x00105804      0x169 libx.a(tcpcntl.o)
                0x00105804                tcpcntl
 *fill*         0x0010596d        0x3 90909090
 .text          0x00105970       0x52 libx.a(tcpgetc.o)
                0x00105970                tcpgetc
 *fill*         0x001059c2        0x2 90909090
 .text          0x001059c4       0xb4 libx.a(tcpinit.o)
                0x001059c4                tcpinit
 .text          0x00105a78       0x71 libx.a(tcplq.o)
                0x00105a78                tcplq
 *fill*         0x00105ae9        0x3 90909090
 .text          0x00105aec       0x48 libx.a(tcpmcntl.o)
                0x00105aec                tcpmcntl
 .text          0x00105b34      0x111 libx.a(tcpmopen.o)
                0x00105b34                tcpmopen
 *fill*         0x00105c45        0x3 90909090
 .text          0x00105c48       0x24 libx.a(tcpputc.o)
                0x00105c48                tcpputc
 .text          0x00105c6c      0x210 libx.a(tcpread.o)
                0x00105c6c                tcpread
 .text          0x00105e7c       0xb6 libx.a(tcpserver.o)
                0x00105e7c                tcpserver
 *fill*         0x00105f32        0x2 90909090
 .text          0x00105f34      0x104 libx.a(tcpstat.o)
                0x00105f34                tcpstat
 .text          0x00106038       0x64 libx.a(tcpuopt.o)
                0x00106038                tcpuopt
 .text          0x0010609c      0x19d libx.a(tcpwr.o)
                0x0010609c                tcpwr
 *fill*         0x00106239        0x3 90909090
 .text          0x0010623c       0x1d libx.a(tcpwrite.o)
                0x0010623c                tcpwrite
 *fill*         0x00106259        0x3 90909090
 .text          0x0010625c      0x1ab libx.a(tcpinp.o)
                0x0010625c                tcpinp
 *fill*         0x00106407        0x1 90909090
 .text          0x00106408       0xd9 libx.a(tcpkick.o)
                0x00106408                tcpkick
 *fill*         0x001064e1        0x3 90909090
 .text          0x001064e4      0x122 libx.a(tcpnet2h.o)
                0x001064e4                tcpnet2h
 *fill*         0x00106606        0x2 90909090
 .text          0x00106608      0x1cf libx.a(tcpok.o)
                0x00106608                tcpok
 *fill*         0x001067d7        0x1 90909090
 .text          0x001067d8      0x1b8 libx.a(tcpopts.o)
                0x001067d8                tcpopts
 .text          0x00106990      0x101 libx.a(tcpout.o)
                0x00106990                tcpout
 *fill*         0x00106a91        0x3 90909090
 .text          0x00106a94      0x1fb libx.a(tcpreset.o)
                0x00106a94                tcpreset
 *fill*         0x00106c8f        0x1 90909090
 .text          0x00106c90      0x12e libx.a(tcpsmss.o)
                0x00106c90                tcpsmss
 *fill*         0x00106dbe        0x2 90909090
 .text          0x00106dc0        0x0 libx.a(tcpswitch.o)
 .text          0x00106dc0      0x193 libx.a(tcpsync.o)
                0x00106dc0                tcpsync
 *fill*         0x00106f53        0x1 90909090
 .text          0x00106f54      0x28f libx.a(tcpsynrcvd.o)
                0x00106f54                tcpsynrcvd
 *fill*         0x001071e3        0x1 90909090
 .text          0x001071e4      0x1ce libx.a(tcpsynsent.o)
                0x001071e4                tcpsynsent
 *fill*         0x001073b2        0x2 90909090
 .text          0x001073b4       0xb9 libx.a(tcptimewait.o)
                0x001073b4                tcptimewait
 *fill*         0x0010746d        0x3 90909090
 .text          0x00107470       0x8d libx.a(tcpwait.o)
                0x00107470                tcpwait
 *fill*         0x001074fd        0x3 90909090
 .text          0x00107500      0x13b libx.a(tcpwakeup.o)
                0x00107500                tcpwakeup
 *fill*         0x0010763b        0x1 90909090
 .text          0x0010763c      0x277 libx.a(tcpxmit.o)
                0x0010763c                tcpxmit
 *fill*         0x001078b3        0x1 90909090
 .text          0x001078b4      0x167 libx.a(tcptimer.o)
                0x001078b4                tcptimer
 *fill*         0x00107a1b        0x1 90909090
 .text          0x00107a1c      0x117 libx.a(tmclear.o)
                0x00107a1c                tmclear
 *fill*         0x00107b33        0x1 90909090
 .text          0x00107b34       0xaf libx.a(tmleft.o)
                0x00107b34                tmleft
 *fill*         0x00107be3        0x1 90909090
 .text          0x00107be4      0x171 libx.a(tmset.o)
                0x00107be4                tmset
 *fill*         0x00107d55        0x3 90909090
 .text          0x00107d58      0x257 libx.a(ttycntl.o)
                0x00107d58                ttycntl
 *fill*         0x00107faf        0x1 90909090
 .text          0x00107fb0       0x52 libx.a(ttygetc.o)
                0x00107fb0                ttygetc
 *fill*         0x00108002        0x2 90909090
 .text          0x00108004      0x734 libx.a(ttyiin.o)
                0x00108004                ttyiin
 .text          0x00108738       0x24 libx.a(ttyinit.o)
                0x00108738                ttyinit
 .text          0x0010875c       0xed libx.a(ttyopen.o)
                0x0010875c                ttyopen
 *fill*         0x00108849        0x3 90909090
 .text          0x0010884c       0x25 libx.a(ttyputc.o)
                0x0010884c                ttyputc
 *fill*         0x00108871        0x3 90909090
 .text          0x00108874      0x16f libx.a(ttyread.o)
                0x00108874                ttyread
 *fill*         0x001089e3        0x1 90909090
 .text          0x001089e4      0x14d libx.a(ttywrite.o)
                0x001089e4                ttywrite
 *fill*         0x00108b31        0x3 90909090
 .text          0x00108b34       0x17 libx.a(ttyoin.o)
                0x00108b34                ttyoin
 *fill*         0x00108b4b        0x1 90909090
 .text          0x00108b4c      0x1fb libx.a(udp_in.o)
                0x00108b4c                udp_in
 *fill*         0x00108d47        0x1 90909090
 .text          0x00108d48       0xf7 libx.a(udpcksum.o)
                0x00108d48                udpcksum
 *fill*         0x00108e3f        0x1 90909090
 .text          0x00108e40       0x76 libx.a(udpnet2h.o)
                0x00108e40                udpnet2h
 *fill*         0x00108eb6        0x2 90909090
 .text          0x00108eb8       0xb7 libx.a(upalloc.o)
                0x00108eb8                upalloc
 *fill*         0x00108f6f        0x1 90909090
 .text          0x00108f70      0x1f4 libx.a(ospf.o)
                0x00108f70                ospf
 .text          0x00109164       0x7d libx.a(ospfnet2h.o)
                0x00109164                ospfnet2h
 *fill*         0x001091e1        0x3 90909090
 .text          0x001091e4      0x240 libx.a(ospftimer.o)
                0x001091e4                ospftimer
 .text          0x00109424      0x18a libx.a(ospf_ddin.o)
                0x00109424                ospf_ddin
 *fill*         0x001095ae        0x2 90909090
 .text          0x001095b0       0x34 libx.a(nb_rexmt.o)
                0x001095b0                nb_rexmt
 .text          0x001095e4       0x4f libx.a(nb_makel.o)
                0x001095e4                nb_makel
 *fill*         0x00109633        0x1 90909090
 .text          0x00109634      0x24c libx.a(ddi_exstart.o)
                0x00109634                ddi_exstart
 .text          0x00109880      0x29a libx.a(ddi_exchng.o)
                0x00109880                ddi_exchng
 *fill*         0x00109b1a        0x2 90909090
 .text          0x00109b1c      0x276 libx.a(lsr_in.o)
                0x00109b1c                lsr_in
 *fill*         0x00109d92        0x2 90909090
 .text          0x00109d94       0x66 libx.a(db_lookup.o)
                0x00109d94                db_lookup
 *fill*         0x00109dfa        0x2 90909090
 .text          0x00109dfc      0x133 libx.a(ddi_full.o)
                0x00109dfc                ddi_full
 *fill*         0x00109f2f        0x1 90909090
 .text          0x00109f30       0x85 libx.a(lsa_add.o)
                0x00109f30                lsa_add
 *fill*         0x00109fb5        0x3 90909090
 .text          0x00109fb8       0xbc libx.a(lsa_send.o)
                0x00109fb8                lsa_send
 .text          0x0010a074       0xd0 libx.a(ospflstmpl.o)
                0x0010a074                ospflstmpl
 .text          0x0010a144       0xf0 libx.a(lsu_in.o)
                0x0010a144                lsu_in
 .text          0x0010a234       0xa1 libx.a(lsack_in.o)
                0x0010a234                lsack_in
 *fill*         0x0010a2d5        0x3 90909090
 .text          0x0010a2d8      0x118 libx.a(lsr_queue.o)
                0x0010a2d8                lsr_queue
 .text          0x0010a3f0       0xed libx.a(lsr_add.o)
                0x0010a3f0                lsr_add
 *fill*         0x0010a4dd        0x3 90909090
 .text          0x0010a4e0      0x1c7 libx.a(lsr_xmit.o)
                0x0010a4e0                lsr_xmit
 *fill*         0x0010a6a7        0x1 90909090
 .text          0x0010a6a8       0xbb libx.a(ospflsrtmpl.o)
                0x0010a6a8                ospflsrtmpl
 *fill*         0x0010a763        0x1 90909090
 .text          0x0010a764        0x6 libx.a(lsr_check.o)
                0x0010a764                lsr_check
 *fill*         0x0010a76a        0x2 90909090
 .text          0x0010a76c      0x1fd libx.a(ue_intr.o)
                0x0010a76c                ue_intr
                0x0010a8f5                ue_hasintr
                0x0010a914                ue_xintr
 *fill*         0x0010a969        0x3 90909090
 .text          0x0010a96c      0x1a5 libx.a(ue_write.o)
                0x0010a96c                ue_write
 *fill*         0x0010ab11        0x3 90909090
 .text          0x0010ab14      0xc67 libx.a(ue_init.o)
                0x0010b09f                uewr
                0x0010ab14                ue_init
                0x0010b130                uerd
                0x0010b62d                ue_dbuf
                0x0010b1b3                ue_dump
                0x0010b6ef                ue_check
 *fill*         0x0010b77b        0x1 90909090
 .text          0x0010b77c        0x6 libx.a(ue_cntl.o)
                0x0010b77c                ue_cntl
 *fill*         0x0010b782        0x2 90909090
 .text          0x0010b784        0xe libx.a(ue_int.o)
                0x0010b784                _ue_int
                0x0010b784                ue_int
 *fill*         0x0010b792        0x2 90909090
 .text          0x0010b794      0x486 libx.a(ue_demux.o)
                0x0010b794                ue_demux
                0x0010bae7                ueget
 *fill*         0x0010bc1a        0x2 90909090
 .text          0x0010bc1c      0x2ab libx.a(ue_wstrt.o)
                0x0010bc1c                ue_wstrt
 *fill*         0x0010bec7        0x1 90909090
 .text          0x0010bec8       0xb5 libx.a(conio.o)
                0x0010bec8                putchar_com32
                0x0010bf41                puts_com32
 *fill*         0x0010bf7d        0x3 90909090
 .text          0x0010bf80       0x53 libx.a(arpinit.o)
                0x0010bf80                arpinit
 *fill*         0x0010bfd3        0x1 90909090
 .text          0x0010bfd4      0x102 libx.a(arptimer.o)
                0x0010bfd4                arptimer
 *fill*         0x0010c0d6        0x2 90909090
 .text          0x0010c0d8        0x6 libx.a(comcntl.o)
                0x0010c0d8                comcntl
 *fill*         0x0010c0de        0x2 90909090
 .text          0x0010c0e0        0xc libx.a(comgetc.o)
                0x0010c0e0                comgetc
                0x0010c0e6                comread
 .text          0x0010c0ec       0x89 libx.a(cominit.o)
                0x0010c159                comdump
                0x0010c0ec                cominit
 *fill*         0x0010c175        0x3 90909090
 .text          0x0010c178      0x24c libx.a(comoutput.o)
                0x0010c35a                comsputc
                0x0010c378                comwrite
                0x0010c327                comflush
                0x0010c178                computc
 .text          0x0010c3c4        0xe libx.a(comint.o)
                0x0010c3c4                _comint
                0x0010c3c4                comint
 *fill*         0x0010c3d2        0x2 90909090
 .text          0x0010c3d4       0x47 libx.a(comintr.o)
                0x0010c3d4                comintr
                0x0010c3fb                comwstrt
 *fill*         0x0010c41b        0x1 90909090
 .text          0x0010c41c        0x6 libx.a(kbmcntl.o)
                0x0010c41c                kbmcntl
 *fill*         0x0010c422        0x2 90909090
 .text          0x0010c424        0xc libx.a(kbmgetc.o)
                0x0010c42a                kbmread
                0x0010c424                kbmgetc
 .text          0x0010c430       0x20 libx.a(kbminit.o)
                0x0010c430                kbminit
 .text          0x0010c450      0x28d libx.a(kbmoutput.o)
                0x0010c691                kbmwrite
                0x0010c457                kbmputc
 *fill*         0x0010c6dd        0x3 90909090
 .text          0x0010c6e0        0xe libx.a(kbmint.o)
                0x0010c6e0                _kbmint
                0x0010c6e0                kbmint
 *fill*         0x0010c6ee        0x2 90909090
 .text          0x0010c6f0       0x94 libx.a(dgclose.o)
                0x0010c6f0                dgclose
 .text          0x0010c784       0x86 libx.a(dgcntl.o)
                0x0010c784                dgcntl
 *fill*         0x0010c80a        0x2 90909090
 .text          0x0010c80c       0x5c libx.a(dginit.o)
                0x0010c80c                dginit
 .text          0x0010c868       0x13 libx.a(dgmcntl.o)
                0x0010c868                dgmcntl
 *fill*         0x0010c87b        0x1 90909090
 .text          0x0010c87c      0x1b7 libx.a(dgmopen.o)
                0x0010c87c                dgmopen
 *fill*         0x0010ca33        0x1 90909090
 .text          0x0010ca34      0x1c2 libx.a(dgread.o)
                0x0010ca34                dgread
 *fill*         0x0010cbf6        0x2 90909090
 .text          0x0010cbf8      0x161 libx.a(dgwrite.o)
                0x0010cbf8                dgwrite
 *fill*         0x0010cd59        0x3 90909090
 .text          0x0010cd5c      0x1f3 libx.a(icmp.o)
                0x0010cd5c                icmp
 *fill*         0x0010cf4f        0x1 90909090
 .text          0x0010cf50      0x1e6 libx.a(icsetbuf.o)
                0x0010cf50                icsetbuf
 *fill*         0x0010d136        0x2 90909090
 .text          0x0010d138      0x193 libx.a(icsetdata.o)
                0x0010d138                icsetdata
 *fill*         0x0010d2cb        0x1 90909090
 .text          0x0010d2cc       0xbd libx.a(icsetsrc.o)
                0x0010d2cc                icsetsrc
 *fill*         0x0010d389        0x3 90909090
 .text          0x0010d38c       0xc5 libx.a(hginit.o)
                0x0010d38c                hginit
 *fill*         0x0010d451        0x3 90909090
 .text          0x0010d454      0x147 libx.a(hgjoin.o)
                0x0010d454                hgjoin
 *fill*         0x0010d59b        0x1 90909090
 .text          0x0010d59c       0xbb libx.a(igmp.o)
                0x0010d59c                igmp
 *fill*         0x0010d657        0x1 90909090
 .text          0x0010d658       0x63 libx.a(hglookup.o)
                0x0010d658                hglookup
 *fill*         0x0010d6bb        0x1 90909090
 .text          0x0010d6bc       0x7f libx.a(igmp_update.o)
                0x0010d6bc                igmp_update
 *fill*         0x0010d73b        0x1 90909090
 .text          0x0010d73c       0x4d libx.a(hgrand.o)
                0x0010d73c                hgrand
 *fill*         0x0010d789        0x3 90909090
 .text          0x0010d78c       0x47 libx.a(ipfinit.o)
                0x0010d78c                ipfinit
 *fill*         0x0010d7d3        0x1 90909090
 .text          0x0010d7d4      0x148 libx.a(ipftimer.o)
                0x0010d7d4                ipftimer
 .text          0x0010d91c      0x3a9 libx.a(ipproc.o)
                0x0010d91c                ipproc
 *fill*         0x0010dcc5        0x3 90909090
 .text          0x0010dcc8      0x398 libx.a(ipputp.o)
                0x0010dcc8                ipputp
 .text          0x0010e060      0x28a libx.a(ipreass.o)
                0x0010e060                ipreass
 *fill*         0x0010e2ea        0x2 90909090
 .text          0x0010e2ec       0xe0 libx.a(ipredirect.o)
                0x0010e2ec                ipredirect
 .text          0x0010e3cc      0x12c libx.a(ipsend.o)
                0x0010e3cc                ipsend
 .text          0x0010e4f8      0x36b libx.a(rtadd.o)
                0x0010e4f8                rtadd
 *fill*         0x0010e863        0x1 90909090
 .text          0x0010e864      0x182 libx.a(rtdel.o)
                0x0010e864                rtdel
 *fill*         0x0010e9e6        0x2 90909090
 .text          0x0010e9e8       0x73 libx.a(rtfree.o)
                0x0010e9e8                rtfree
 *fill*         0x0010ea5b        0x1 90909090
 .text          0x0010ea5c      0x10d libx.a(rtget.o)
                0x0010ea5c                rtget
 *fill*         0x0010eb69        0x3 90909090
 .text          0x0010eb6c       0xc1 libx.a(rthash.o)
                0x0010eb6c                rthash
 *fill*         0x0010ec2d        0x3 90909090
 .text          0x0010ec30       0x65 libx.a(rtinit.o)
                0x0010ec30                rtinit
 *fill*         0x0010ec95        0x3 90909090
 .text          0x0010ec98       0xaf libx.a(rtnew.o)
                0x0010ec98                rtnew
 *fill*         0x0010ed47        0x1 90909090
 .text          0x0010ed48      0x283 libx.a(rttimer.o)
                0x0010ed48                rttimer
 *fill*         0x0010efcb        0x1 90909090
 .text          0x0010efcc      0x123 libx.a(echod.o)
                0x0010f047                echop
                0x0010efcc                echod
 *fill*         0x0010f0ef        0x1 90909090
 .text          0x0010f0f0      0x213 libx.a(fingerd.o)
                0x0010f0f0                fingerd
 *fill*         0x0010f303        0x1 90909090
 .text          0x0010f304      0x444 libx.a(lfing.o)
                0x0010f304                lfing
 .text          0x0010f748      0x16a libx.a(ripin.o)
                0x0010f748                rip
 *fill*         0x0010f8b2        0x2 90909090
 .text          0x0010f8b4       0x8b libx.a(ripout.o)
                0x0010f8b4                ripout
 *fill*         0x0010f93f        0x1 90909090
 .text          0x0010f940      0x18e libx.a(riprecv.o)
                0x0010f940                riprecv
 *fill*         0x0010face        0x2 90909090
 .text          0x0010fad0      0x1fa libx.a(riprepl.o)
                0x0010fad0                riprepl
 *fill*         0x0010fcca        0x2 90909090
 .text          0x0010fccc      0x1df libx.a(ripsend.o)
                0x0010fccc                ripsend
 *fill*         0x0010feab        0x1 90909090
 .text          0x0010feac       0x5b libx.a(rwho.o)
                0x0010feac                rwho
 *fill*         0x0010ff07        0x1 90909090
 .text          0x0010ff08      0x559 libx.a(rwhod.o)
                0x0010ff08                rwhod
 *fill*         0x00110461        0x3 90909090
 .text          0x00110464      0x2b1 libx.a(rwhoind.o)
                0x00110464                rwhoind
 *fill*         0x00110715        0x3 90909090
 .text          0x00110718      0x36f libx.a(snmpd.o)
                0x00110718                snmpd
 *fill*         0x00110a87        0x1 90909090
 .text          0x00110a88       0x70 libx.a(udpecho.o)
                0x00110a88                udpecho
 .text          0x00110af8       0xa3 libx.a(cksum.o)
                0x00110af8                _cksum
                0x00110af8                cksum
 *fill*         0x00110b9b        0x1 90909090
 .text          0x00110b9c       0xf3 libx.a(dnparse.o)
                0x00110b9c                dnparse
 *fill*         0x00110c8f        0x1 90909090
 .text          0x00110c90       0x7c libx.a(dot2ip.o)
                0x00110c90                dot2ip
 .text          0x00110d0c       0xc2 libx.a(getiaddr.o)
                0x00110d0c                getiaddr
 *fill*         0x00110dce        0x2 90909090
 .text          0x00110dd0       0xfa libx.a(getname.o)
                0x00110de8                getiname
                0x00110dd0                getname
 *fill*         0x00110eca        0x2 90909090
 .text          0x00110ecc      0x5e5 libx.a(initgate.o)
                0x00111126                efaceinit
                0x00110ecc                initgate
 *fill*         0x001114b1        0x3 90909090
 .text          0x001114b4      0x241 libx.a(inithost.o)
                0x001114b4                inithost
 *fill*         0x001116f5        0x3 90909090
 .text          0x001116f8       0xa2 libx.a(ip2dot.o)
                0x001116f8                ip2dot
 *fill*         0x0011179a        0x2 90909090
 .text          0x0011179c      0x436 libx.a(ip2name.o)
                0x0011179c                ip2name
 *fill*         0x00111bd2        0x2 90909090
 .text          0x00111bd4      0x135 libx.a(netmask.o)
                0x00111bd4                netmask
 *fill*         0x00111d09        0x3 90909090
 .text          0x00111d0c       0x6b libx.a(netmatch.o)
                0x00111d0c                netmatch
 *fill*         0x00111d77        0x1 90909090
 .text          0x00111d78       0x5e libx.a(netnum.o)
                0x00111d78                netnum
 *fill*         0x00111dd6        0x2 90909090
 .text          0x00111dd8      0x28b libx.a(netwrite.o)
                0x00111dd8                netwrite
 *fill*         0x00112063        0x1 90909090
 .text          0x00112064      0x175 libx.a(ni_in.o)
                0x00112064                ni_in
 *fill*         0x001121d9        0x3 90909090
 .text          0x001121dc      0x200 libx.a(rarp_in.o)
                0x001121dc                rarp_in
 .text          0x001123dc      0x30d libx.a(rarpsend.o)
                0x001123dc                rarpsend
 *fill*         0x001126e9        0x3 90909090
 .text          0x001126ec       0xd9 libx.a(ethmcast.o)
                0x001126ec                ethmcast
 *fill*         0x001127c5        0x3 90909090
 .text          0x001127c8      0x1e2 libx.a(mount.o)
                0x001127c8                mount
 *fill*         0x001129aa        0x2 90909090
 .text          0x001129ac       0x8b libx.a(rfclose.o)
                0x001129ac                rfclose
 *fill*         0x00112a37        0x1 90909090
 .text          0x00112a38      0x101 libx.a(rfcntl.o)
                0x00112a38                rfcntl
 *fill*         0x00112b39        0x3 90909090
 .text          0x00112b3c       0x53 libx.a(rfgetc.o)
                0x00112b3c                rfgetc
 *fill*         0x00112b8f        0x1 90909090
 .text          0x00112b90       0x9e libx.a(rfinit.o)
                0x00112b90                rfinit
 *fill*         0x00112c2e        0x2 90909090
 .text          0x00112c30      0x280 libx.a(rfmkpac.o)
                0x00112c30                rfmkpac
 .text          0x00112eb0      0x184 libx.a(rfopen.o)
                0x00112eb0                rfopen
 .text          0x00113034       0x4b libx.a(rfputc.o)
                0x00113034                rfputc
 *fill*         0x0011307f        0x1 90909090
 .text          0x00113080       0x38 libx.a(rfread.o)
                0x00113080                rfread
 .text          0x001130b8       0x48 libx.a(rfseek.o)
                0x001130b8                rfseek
 .text          0x00113100      0x137 libx.a(rfsend.o)
                0x00113100                rfsend
 *fill*         0x00113237        0x1 90909090
 .text          0x00113238       0x74 libx.a(rfwrite.o)
                0x00113238                rfwrite
 .text          0x001132ac      0x352 libx.a(mksnmp.o)
                0x001132ac                mksnmp
 *fill*         0x001135fe        0x2 90909090
 .text          0x00113600      0x191 libx.a(sna2b.o)
                0x00113600                sna2b
 *fill*         0x00113791        0x3 90909090
 .text          0x00113794      0x133 libx.a(snb2a.o)
                0x00113794                snb2a
 *fill*         0x001138c7        0x1 90909090
 .text          0x001138c8       0xde libx.a(snfreebl.o)
                0x001138c8                snfreebl
 *fill*         0x001139a6        0x2 90909090
 .text          0x001139a8      0x2a0 libx.a(snhash.o)
                0x00113ab8                hashoid
                0x001139a8                getmib
                0x00113b1f                hashinit
 .text          0x00113c48        0x0 libx.a(snmib.o)
 .text          0x00113c48      0x4aa libx.a(snparse.o)
                0x00113c48                snparse
 *fill*         0x001140f2        0x2 90909090
 .text          0x001140f4      0x24a libx.a(snrslv.o)
                0x001140f4                snrslv
 *fill*         0x0011433e        0x2 90909090
 .text          0x00114340       0xdd libx.a(sntable.o)
                0x00114340                sntable
 *fill*         0x0011441d        0x3 90909090
 .text          0x00114420      0x239 libx.a(srt_get.o)
                0x00114420                srt_get
 *fill*         0x00114659        0x3 90909090
 .text          0x0011465c      0x101 libx.a(srt_getf.o)
                0x0011465c                srt_getf
 *fill*         0x0011475d        0x3 90909090
 .text          0x00114760      0x11d libx.a(srt_getn.o)
                0x00114760                srt_getn
 *fill*         0x0011487d        0x3 90909090
 .text          0x00114880      0x13e libx.a(srt_match.o)
                0x00114880                srt_match
 *fill*         0x001149be        0x2 90909090
 .text          0x001149c0      0x1c7 libx.a(srt_set.o)
                0x001149c0                srt_set
 *fill*         0x00114b87        0x1 90909090
 .text          0x00114b88      0x167 libx.a(stc_get.o)
                0x00114b88                stc_get
 *fill*         0x00114cef        0x1 90909090
 .text          0x00114cf0      0x1a1 libx.a(stc_getf.o)
                0x00114cf0                stc_getf
 *fill*         0x00114e91        0x3 90909090
 .text          0x00114e94      0x1b8 libx.a(stc_getn.o)
                0x00114e94                stc_getn
 .text          0x0011504c      0x210 libx.a(stc_match.o)
                0x0011504c                stc_match
 .text          0x0011525c       0xa4 libx.a(stc_set.o)
                0x0011525c                stc_set
 .text          0x00115300      0x18d libx.a(snm_get.o)
                0x00115300                snm_get
 *fill*         0x0011548d        0x3 90909090
 .text          0x00115490      0x14d libx.a(snm_getf.o)
                0x00115490                snm_getf
 *fill*         0x001155dd        0x3 90909090
 .text          0x001155e0      0x15e libx.a(snm_getn.o)
                0x001155e0                snm_getn
 *fill*         0x0011573e        0x2 90909090
 .text          0x00115740      0x1be libx.a(snm_match.o)
                0x00115740                snm_match
 *fill*         0x001158fe        0x2 90909090
 .text          0x00115900      0x21e libx.a(snm_set.o)
                0x00115900                snm_set
 *fill*         0x00115b1e        0x2 90909090
 .text          0x00115b20       0xa2 libx.a(sud_get.o)
                0x00115b20                sud_get
 *fill*         0x00115bc2        0x2 90909090
 .text          0x00115bc4      0x115 libx.a(sud_getf.o)
                0x00115bc4                sud_getf
 *fill*         0x00115cd9        0x3 90909090
 .text          0x00115cdc      0x144 libx.a(sud_getn.o)
                0x00115cdc                sud_getn
 .text          0x00115e20      0x115 libx.a(sud_match.o)
                0x00115e20                sud_match
 *fill*         0x00115f35        0x3 90909090
 .text          0x00115f38        0x6 libx.a(sud_set.o)
                0x00115f38                sud_set
 *fill*         0x00115f3e        0x2 90909090
 .text          0x00115f40       0xb6 libx.a(sud_findn.o)
                0x00115f40                sud_findnext
 *fill*         0x00115ff6        0x2 90909090
 .text          0x00115ff8      0x150 libx.a(snm_findn.o)
                0x001160e4                snmcmp
                0x00115ff8                snm_findnext
 .text          0x00116148       0x66 libx.a(blkcopy.o)
                0x00116148                memcpy
 *fill*         0x001161ae        0x2 90909090
 .text          0x001161b0      0x114 libx.a(ckmode.o)
                0x001161b0                ckmode
 .text          0x001162c4       0xf2 libx.a(freebuf.o)
                0x001162c4                freebuf
 *fill*         0x001163b6        0x2 90909090
 .text          0x001163b8      0x18e libx.a(freemem.o)
                0x001163b8                freemem
 *fill*         0x00116546        0x2 90909090
 .text          0x00116548      0x300 libx.a(getbuf.o)
                0x00116548                getbuf
                0x001166a4                nbgetbuf
 .text          0x00116848       0x8c libx.a(getitem.o)
                0x0011688e                getlast
                0x00116848                getfirst
 .text          0x001168d4      0x136 libx.a(getmem.o)
                0x001168d4                getmem
 *fill*         0x00116a0a        0x2 90909090
 .text          0x00116a0c        0x6 libx.a(getpid.o)
                0x00116a0c                getpid
 *fill*         0x00116a12        0x2 90909090
 .text          0x00116a14       0xf3 libx.a(insert.o)
                0x00116a14                insert
 *fill*         0x00116b07        0x1 90909090
 .text          0x00116b08      0x136 libx.a(insertd.o)
                0x00116b08                insertd
 *fill*         0x00116c3e        0x2 90909090
 .text          0x00116c40      0x1bc libx.a(kill.o)
                0x00116c40                kill
 .text          0x00116dfc      0x2d7 libx.a(stacktrace.o)
                0x00116dfc                stacktrace
 *fill*         0x001170d3        0x1 90909090
 .text          0x001170d4      0x1af libx.a(mkpool.o)
                0x001170d4                mkpool
 *fill*         0x00117283        0x1 90909090
 .text          0x00117284       0x77 libx.a(nammap.o)
                0x00117284                nammap
 *fill*         0x001172fb        0x1 90909090
 .text          0x001172fc      0x130 libx.a(namrepl.o)
                0x001172fc                namrepl
 .text          0x0011742c       0xea libx.a(pcount.o)
                0x0011742c                pcount
 *fill*         0x00117516        0x2 90909090
 .text          0x00117518      0x145 libx.a(pcreate.o)
                0x00117518                pcreate
 *fill*         0x0011765d        0x3 90909090
 .text          0x00117660       0xc2 libx.a(pdelete.o)
                0x00117660                pdelete
 *fill*         0x00117722        0x2 90909090
 .text          0x00117724       0xb9 libx.a(pinit.o)
                0x00117724                pinit
 *fill*         0x001177dd        0x3 90909090
 .text          0x001177e0       0x69 libx.a(poolinit.o)
                0x001177e0                poolinit
 *fill*         0x00117849        0x3 90909090
 .text          0x0011784c      0x180 libx.a(preceive.o)
                0x0011784c                preceive
 .text          0x001179cc       0xc2 libx.a(preset.o)
                0x001179cc                preset
 *fill*         0x00117a8e        0x2 90909090
 .text          0x00117a90      0x19c libx.a(psend.o)
                0x00117a90                psend
 .text          0x00117c2c       0xfe libx.a(ptclear.o)
                0x00117c2c                _ptclear
 *fill*         0x00117d2a        0x2 90909090
 .text          0x00117d2c       0xd4 libx.a(queue.o)
                0x00117d2c                enqueue
                0x00117da5                dequeue
 .text          0x00117e00       0x6c libx.a(ready.o)
                0x00117e00                ready
 .text          0x00117e6c       0x8f libx.a(recvclr.o)
                0x00117e6c                recvclr
 *fill*         0x00117efb        0x1 90909090
 .text          0x00117efc       0x45 libx.a(scount.o)
                0x00117efc                scount
 *fill*         0x00117f41        0x3 90909090
 .text          0x00117f44       0xe6 libx.a(send.o)
                0x00117f44                send
 *fill*         0x0011802a        0x2 90909090
 .text          0x0011802c       0xce libx.a(sreset.o)
                0x0011802c                sreset
 *fill*         0x001180fa        0x2 90909090
 .text          0x001180fc       0xcb libx.a(suspend.o)
                0x001180fc                suspend
 *fill*         0x001181c7        0x1 90909090
 .text          0x001181c8      0x13e libx.a(unsleep.o)
                0x001181c8                unsleep
 *fill*         0x00118306        0x2 90909090
 .text          0x00118308       0x17 libx.a(xdone.o)
                0x00118308                xdone
 *fill*         0x0011831f        0x1 90909090
 .text          0x00118320      0x159 libx.a(syslog.o)
                0x00118320                syslog
 *fill*         0x00118479        0x3 90909090
 .text          0x0011847c       0x40 libx.a(getuser.o)
                0x0011847c                getuser
 .text          0x001184bc       0x8d libx.a(tcballoc.o)
                0x001184bc                tcballoc
 *fill*         0x00118549        0x3 90909090
 .text          0x0011854c      0x156 libx.a(tcbdealloc.o)
                0x0011854c                tcbdealloc
 *fill*         0x001186a2        0x2 90909090
 .text          0x001186a4      0x1c6 libx.a(tcpbind.o)
                0x001186a4                tcpbind
 *fill*         0x0011886a        0x2 90909090
 .text          0x0011886c      0x184 libx.a(tcpcon.o)
                0x0011886c                tcpcon
 .text          0x001189f0      0x1af libx.a(tcpgetdata.o)
                0x001189f0                tcpgetdata
 *fill*         0x00118b9f        0x1 90909090
 .text          0x00118ba0       0xe9 libx.a(tcpgetspace.o)
                0x00118ba0                tcpgetspace
 *fill*         0x00118c89        0x3 90909090
 .text          0x00118c8c      0x100 libx.a(tcpnxtp.o)
                0x00118c8c                tcpnxtp
 .text          0x00118d8c       0x4f libx.a(tcpabort.o)
                0x00118d8c                tcpabort
 *fill*         0x00118ddb        0x1 90909090
 .text          0x00118ddc      0x285 libx.a(tcpacked.o)
                0x00118ddc                tcpacked
 *fill*         0x00119061        0x3 90909090
 .text          0x00119064      0x1de libx.a(tcpackit.o)
                0x00119064                tcpackit
 *fill*         0x00119242        0x2 90909090
 .text          0x00119244       0xf5 libx.a(tcpcksum.o)
                0x00119244                tcpcksum
 *fill*         0x00119339        0x3 90909090
 .text          0x0011933c       0x1b libx.a(tcpclosed.o)
                0x0011933c                tcpclosed
 *fill*         0x00119357        0x1 90909090
 .text          0x00119358       0xda libx.a(tcpclosewait.o)
                0x00119358                tcpclosewait
 *fill*         0x00119432        0x2 90909090
 .text          0x00119434       0xd7 libx.a(tcpclosing.o)
                0x00119434                tcpclosing
 *fill*         0x0011950b        0x1 90909090
 .text          0x0011950c      0x2a7 libx.a(tcpdata.o)
                0x0011950c                tcpdata
 *fill*         0x001197b3        0x1 90909090
 .text          0x001197b4      0x253 libx.a(tcpdemux.o)
                0x001197b4                tcpdemux
 *fill*         0x00119a07        0x1 90909090
 .text          0x00119a08      0x159 libx.a(tcpdodat.o)
                0x00119a08                tcpdodat
 *fill*         0x00119b61        0x3 90909090
 .text          0x00119b64      0x118 libx.a(tcpestablished.o)
                0x00119b64                tcpestablished
 .text          0x00119c7c      0x161 libx.a(tcpfin1.o)
                0x00119c7c                tcpfin1
 *fill*         0x00119ddd        0x3 90909090
 .text          0x00119de0       0xe8 libx.a(tcpfin2.o)
                0x00119de0                tcpfin2
 .text          0x00119ec8      0x122 libx.a(tcph2net.o)
                0x00119ec8                tcph2net
 *fill*         0x00119fea        0x2 90909090
 .text          0x00119fec       0x5a libx.a(tcphowmuch.o)
                0x00119fec                tcphowmuch
 *fill*         0x0011a046        0x2 90909090
 .text          0x0011a048       0x26 libx.a(tcpidle.o)
                0x0011a048                tcpidle
 *fill*         0x0011a06e        0x2 90909090
 .text          0x0011a070       0x28 libx.a(tcpiss.o)
                0x0011a070                tcpiss
 .text          0x0011a098       0xb4 libx.a(tcpkilltimers.o)
                0x0011a098                tcpkilltimers
 .text          0x0011a14c       0xc0 libx.a(tcplastack.o)
                0x0011a14c                tcplastack
 .text          0x0011a20c      0x188 libx.a(tcplisten.o)
                0x0011a20c                tcplisten
 .text          0x0011a394       0x78 libx.a(tcpostate.o)
                0x0011a394                tcpostate
 .text          0x0011a40c       0xb4 libx.a(tcppersist.o)
                0x0011a40c                tcppersist
 .text          0x0011a4c0      0x164 libx.a(tcprexmt.o)
                0x0011a4c0                tcprexmt
 .text          0x0011a624      0x1b5 libx.a(tcprtt.o)
                0x0011a624                tcprtt
 *fill*         0x0011a7d9        0x3 90909090
 .text          0x0011a7dc       0xcc libx.a(tcprwindow.o)
                0x0011a7dc                tcprwindow
 .text          0x0011a8a8      0x436 libx.a(tcpsend.o)
                0x0011a8a8                tcpsend
 *fill*         0x0011acde        0x2 90909090
 .text          0x0011ace0       0xba libx.a(tcpsndlen.o)
                0x0011ace0                tcpsndlen
 *fill*         0x0011ad9a        0x2 90909090
 .text          0x0011ad9c      0x18b libx.a(tcpswindow.o)
                0x0011ad9c                tcpswindow
 *fill*         0x0011af27        0x1 90909090
 .text          0x0011af28      0x1a1 libx.a(tcpwinit.o)
                0x0011af28                tcpwinit
 *fill*         0x0011b0c9        0x3 90909090
 .text          0x0011b0cc      0x2cb libx.a(tfcoalesce.o)
                0x0011b0cc                tfcoalesce
 *fill*         0x0011b397        0x1 90909090
 .text          0x0011b398       0xb0 libx.a(tfinsert.o)
                0x0011b398                tfinsert
 .text          0x0011b448       0xde libx.a(ttynew.o)
                0x0011b448                ttynew
 *fill*         0x0011b526        0x2 90909090
 .text          0x0011b528       0xae libx.a(udpnxtp.o)
                0x0011b528                udpnxtp
 *fill*         0x0011b5d6        0x2 90909090
 .text          0x0011b5d8      0x21c libx.a(udpsend.o)
                0x0011b5d8                udpsend
 .text          0x0011b7f4      0x292 libx.a(ospf_hin.o)
                0x0011b7f4                ospf_hin
 *fill*         0x0011ba86        0x2 90909090
 .text          0x0011ba88      0x166 libx.a(ospfcheck.o)
                0x0011ba88                ospfcheck
 *fill*         0x0011bbee        0x2 90909090
 .text          0x0011bbf0      0x222 libx.a(if_elect.o)
                0x0011bbf0                if_elect
 *fill*         0x0011be12        0x2 90909090
 .text          0x0011be14      0x15a libx.a(ospfhello.o)
                0x0011be14                ospfhello
 *fill*         0x0011bf6e        0x2 90909090
 .text          0x0011bf70      0x153 libx.a(ospfifinit.o)
                0x0011bf70                ospfifinit
 *fill*         0x0011c0c3        0x1 90909090
 .text          0x0011c0c4       0x84 libx.a(ospfinit.o)
                0x0011c0c4                ospfinit
 .text          0x0011c148      0x128 libx.a(nb_add.o)
                0x0011c148                nb_add
 .text          0x0011c270      0x130 libx.a(nb_switch.o)
                0x0011c270                nb_switch
 .text          0x0011c3a0       0xc9 libx.a(nb_reform.o)
                0x0011c3a0                nb_reform
 *fill*         0x0011c469        0x3 90909090
 .text          0x0011c46c       0x8a libx.a(nb_aok.o)
                0x0011c46c                nb_aok
 *fill*         0x0011c4f6        0x2 90909090
 .text          0x0011c4f8      0x133 libx.a(dd_queue.o)
                0x0011c4f8                dd_queue
 *fill*         0x0011c62b        0x1 90909090
 .text          0x0011c62c      0x238 libx.a(dd_xmit.o)
                0x0011c62c                dd_xmit
 .text          0x0011c864      0x380 libx.a(lss_build.o)
                0x0011c864                lss_build
 .text          0x0011cbe4       0xe5 libx.a(ospfddtmpl.o)
                0x0011cbe4                ospfddtmpl
 *fill*         0x0011ccc9        0x3 90909090
 .text          0x0011cccc       0xee libx.a(nb_clearl.o)
                0x0011cccc                nb_clearl
 *fill*         0x0011cdba        0x2 90909090
 .text          0x0011cdbc       0xc4 libx.a(nb_mismatch.o)
                0x0011cdbc                nb_mismatch
 .text          0x0011ce80      0x25b libx.a(if_elect1.o)
                0x0011ce80                if_elect1
 *fill*         0x0011d0db        0x1 90909090
 .text          0x0011d0dc       0x84 libx.a(db_init.o)
                0x0011d0dc                db_init
 .text          0x0011d160       0x8d libx.a(db_resync.o)
                0x0011d160                db_resync
 *fill*         0x0011d1ed        0x3 90909090
 .text          0x0011d1f0      0x3ce libx.a(arp_in.o)
                0x0011d1f0                arp_in
 *fill*         0x0011d5be        0x2 90909090
 .text          0x0011d5c0       0xd9 libx.a(arpadd.o)
                0x0011d5c0                arpadd
 *fill*         0x0011d699        0x3 90909090
 .text          0x0011d69c       0xbc libx.a(arpalloc.o)
                0x0011d69c                arpalloc
 .text          0x0011d758       0xa3 libx.a(arpdq.o)
                0x0011d758                arpdq
 *fill*         0x0011d7fb        0x1 90909090
 .text          0x0011d7fc       0xa3 libx.a(arpfind.o)
                0x0011d7fc                arpfind
 *fill*         0x0011d89f        0x1 90909090
 .text          0x0011d8a0       0x79 libx.a(arpqsend.o)
                0x0011d8a0                arpqsend
 *fill*         0x0011d919        0x3 90909090
 .text          0x0011d91c      0x217 libx.a(arpsend.o)
                0x0011d91c                arpsend
 *fill*         0x0011db33        0x1 90909090
 .text          0x0011db34       0x99 libx.a(kbmiin.o)
                0x0011db34                kbmiin
 *fill*         0x0011dbcd        0x3 90909090
 .text          0x0011dbd0      0x23d libx.a(kbscan.o)
                0x0011dbd0                kbtoa
 *fill*         0x0011de0d        0x3 90909090
 .text          0x0011de10       0x92 libx.a(dgalloc.o)
                0x0011de10                dgalloc
 *fill*         0x0011dea2        0x2 90909090
 .text          0x0011dea4       0xa9 libx.a(icerrok.o)
                0x0011dea4                icerrok
 *fill*         0x0011df4d        0x3 90909090
 .text          0x0011df50      0x147 libx.a(hgadd.o)
                0x0011df50                hgadd
 *fill*         0x0011e097        0x1 90909090
 .text          0x0011e098      0x176 libx.a(hgarpadd.o)
                0x0011e098                hgarpadd
 *fill*         0x0011e20e        0x2 90909090
 .text          0x0011e210       0xca libx.a(ip_in.o)
                0x0011e210                ip_in
 *fill*         0x0011e2da        0x2 90909090
 .text          0x0011e2dc      0x131 libx.a(ipdbc.o)
                0x0011e2dc                ipdbc
 *fill*         0x0011e40d        0x3 90909090
 .text          0x0011e410       0xf4 libx.a(ipfadd.o)
                0x0011e410                ipfadd
 .text          0x0011e504      0x17f libx.a(ipfhcopy.o)
                0x0011e504                ipfhcopy
 *fill*         0x0011e683        0x1 90909090
 .text          0x0011e684      0x161 libx.a(ipfjoin.o)
                0x0011e684                ipfjoin
 *fill*         0x0011e7e5        0x3 90909090
 .text          0x0011e7e8      0x14e libx.a(ipfsend.o)
                0x0011e7e8                ipfsend
 *fill*         0x0011e936        0x2 90909090
 .text          0x0011e938       0xca libx.a(ipgetp.o)
                0x0011e938                ipgetp
 *fill*         0x0011ea02        0x2 90909090
 .text          0x0011ea04       0x73 libx.a(iph2net.o)
                0x0011ea04                iph2net
 *fill*         0x0011ea77        0x1 90909090
 .text          0x0011ea78       0x73 libx.a(ipnet2h.o)
                0x0011ea78                ipnet2h
 *fill*         0x0011eaeb        0x1 90909090
 .text          0x0011eaec       0xeb libx.a(isbrc.o)
                0x0011eaec                isbrc
 *fill*         0x0011ebd7        0x1 90909090
 .text          0x0011ebd8      0x1e4 libx.a(ripadd.o)
                0x0011ebd8                ripadd
 .text          0x0011edbc       0xfd libx.a(ripcheck.o)
                0x0011edbc                ripcheck
 *fill*         0x0011eeb9        0x3 90909090
 .text          0x0011eebc      0x1af libx.a(ripifset.o)
                0x0011eebc                ripifset
 *fill*         0x0011f06b        0x1 90909090
 .text          0x0011f06c       0x58 libx.a(ripmetric.o)
                0x0011f06c                ripmetric
 .text          0x0011f0c4       0xd6 libx.a(ripok.o)
                0x0011f0c4                ripok
 *fill*         0x0011f19a        0x2 90909090
 .text          0x0011f19c       0xdd libx.a(ripstart.o)
                0x0011f19c                ripstart
 *fill*         0x0011f279        0x3 90909090
 .text          0x0011f27c      0x18d libx.a(local_out.o)
                0x0011f27c                local_out
 *fill*         0x0011f409        0x3 90909090
 .text          0x0011f40c       0xa5 libx.a(rfalloc.o)
                0x0011f40c                rfalloc
 *fill*         0x0011f4b1        0x3 90909090
 .text          0x0011f4b4       0x9a libx.a(rfio.o)
                0x0011f4b4                rfio
 *fill*         0x0011f54e        0x2 90909090
 .text          0x0011f550      0x110 libx.a(a1rwlen.o)
                0x0011f5df                a1writelen
                0x0011f550                a1readlen
 .text          0x0011f660      0x1f9 libx.a(a1rwoid.o)
                0x0011f74a                a1writeoid
                0x0011f660                a1readoid
 *fill*         0x0011f859        0x3 90909090
 .text          0x0011f85c      0x20c libx.a(a1rwval.o)
                0x0011f92d                a1writeval
                0x0011f85c                a1readval
 .text          0x0011fa68      0x167 libx.a(sae_get.o)
                0x0011fa68                sae_get
 *fill*         0x0011fbcf        0x1 90909090
 .text          0x0011fbd0       0xb7 libx.a(sae_getf.o)
                0x0011fbd0                sae_getf
 *fill*         0x0011fc87        0x1 90909090
 .text          0x0011fc88      0x121 libx.a(sae_getn.o)
                0x0011fc88                sae_getn
 *fill*         0x0011fda9        0x3 90909090
 .text          0x0011fdac      0x129 libx.a(sae_match.o)
                0x0011fdac                sae_match
 *fill*         0x0011fed5        0x3 90909090
 .text          0x0011fed8        0x6 libx.a(sae_set.o)
                0x0011fed8                sae_set
 *fill*         0x0011fede        0x2 90909090
 .text          0x0011fee0      0x12f libx.a(sat_get.o)
                0x0011fee0                sat_get
 *fill*         0x0012000f        0x1 90909090
 .text          0x00120010      0x14d libx.a(sat_getf.o)
                0x00120010                sat_getf
 *fill*         0x0012015d        0x3 90909090
 .text          0x00120160      0x15e libx.a(sat_getn.o)
                0x00120160                sat_getn
 *fill*         0x001202be        0x2 90909090
 .text          0x001202c0      0x1be libx.a(sat_match.o)
                0x001202c0                sat_match
 *fill*         0x0012047e        0x2 90909090
 .text          0x00120480      0x1b3 libx.a(sat_set.o)
                0x00120480                sat_set
 *fill*         0x00120633        0x1 90909090
 .text          0x00120634      0x79c libx.a(sif_get.o)
                0x00120634                sif_get
 .text          0x00120dd0       0x78 libx.a(sif_getf.o)
                0x00120dd0                sif_getf
 .text          0x00120e48       0xe0 libx.a(sif_getn.o)
                0x00120e48                sif_getn
 .text          0x00120f28       0xd2 libx.a(sif_match.o)
                0x00120f28                sif_match
 *fill*         0x00120ffa        0x2 90909090
 .text          0x00120ffc       0xaf libx.a(sif_set.o)
                0x00120ffc                sif_set
 *fill*         0x001210ab        0x1 90909090
 .text          0x001210ac      0x2fe libx.a(snleaf.o)
                0x001210ac                snleaf
 *fill*         0x001213aa        0x2 90909090
 .text          0x001213ac       0xc8 libx.a(snoip.o)
                0x001213ac                sip2ocpy
                0x001213e6                so2ipcpy
                0x0012141b                soipequ
 .text          0x00121474       0xb7 libx.a(srt_findn.o)
                0x00121474                srt_findnext
 *fill*         0x0012152b        0x1 90909090
 .text          0x0012152c      0x213 libx.a(stc_findn.o)
                0x001215bc                sntcpcmp
                0x0012152c                stc_findnext
 *fill*         0x0012173f        0x1 90909090
 .text          0x00121740       0x74 libx.a(receive.o)
                0x00121740                receive
 .text          0x001217b4       0x64 libx.a(tcp_in.o)
                0x001217b4                tcp_in
 .text          0x00121818       0xc0 libx.a(tcprmss.o)
                0x00121818                tcprmss
 .text          0x001218d8       0xad libx.a(ttyalloc.o)
                0x001218d8                ttyalloc
 *fill*         0x00121985        0x3 90909090
 .text          0x00121988       0x76 libx.a(udph2net.o)
                0x00121988                udph2net
 *fill*         0x001219fe        0x2 90909090
 .text          0x00121a00      0x25f libx.a(ospf_hsend.o)
                0x00121a00                ospf_hsend
 *fill*         0x00121c5f        0x1 90909090
 .text          0x00121c60       0x59 libx.a(ospf_in.o)
                0x00121c60                ospf_in
 *fill*         0x00121cb9        0x3 90909090
 .text          0x00121cbc      0x16a libx.a(ospfhtmpl.o)
                0x00121cbc                ospfhtmpl
 *fill*         0x00121e26        0x2 90909090
 .text          0x00121e28      0x179 libx.a(db_nlink.o)
                0x00121e28                db_nlink
 *fill*         0x00121fa1        0x3 90909090
 .text          0x00121fa4      0x3df libx.a(icmp_in.o)
                0x00121fa4                icmp_in
 *fill*         0x00122383        0x1 90909090
 .text          0x00122384      0x121 libx.a(icredirect.o)
                0x00122384                icredirect
 *fill*         0x001224a5        0x3 90909090
 .text          0x001224a8      0x192 libx.a(igmp_in.o)
                0x001224a8                igmp_in
 *fill*         0x0012263a        0x2 90909090
 .text          0x0012263c       0x8f libx.a(igmp_settimers.o)
                0x0012263c                igmp_settimers
 *fill*         0x001226cb        0x1 90909090
 .text          0x001226cc       0xe8 libx.a(ipdstopts.o)
                0x001226cc                ipdstopts
 .text          0x001227b4      0x1f4 libx.a(ipfcons.o)
                0x001227b4                ipfcons
 .text          0x001229a8      0x1d9 libx.a(a1rwint.o)
                0x00122a3d                a1writeint
                0x001229a8                a1readint
 *fill*         0x00122b81        0x3 90909090
 .text          0x00122b84       0xf4 libx.a(sae_findn.o)
                0x00122b84                sae_findnext
 .text          0x00122c78      0x150 libx.a(sat_findn.o)
                0x00122c78                sat_findnext
                0x00122d64                satcmp
 .text          0x00122dc8       0xb2 libx.a(db_update.o)
                0x00122dc8                db_update
 *fill*         0x00122e7a        0x2 90909090
 .text          0x00122e7c       0x76 libx.a(db_new.o)
                0x00122e7c                db_new
 *fill*         0x00122ef2        0x2 90909090
 .text          0x00122ef4     0x7dcb sh.o
                0x00124810                x_dumper
                0x0012546c                x_help
                0x00123bf0                x_bpool
                0x0012ab6b                rwcomp
                0x00128e08                x_snmp
                0x0012a424                x_unmou
                0x001272cc                x_ospf
                0x00125e4c                x_mount
                0x001271dc                x_ns
                0x00123ea8                x_close
                0x00127b08                x_ping
                0x00128210                x_rls
                0x001234f0                shell
                0x00123d38                x_cat
                0x00128090                x_rf
                0x00125660                x_ifstat
                0x00123f00                x_conf
                0x001243d0                x_cp
                0x0012a2bc                x_sema
                0x00124720                x_dg
                0x0012456c                x_creat
                0x00128088                x_reboot
                0x00125554                x_igmp
                0x00128d98                x_sleep
                0x001231fc                login
                0x0012a494                x_uptime
                0x00124fd4                x_finger
                0x0012a40c                x_timerq
                0x00124fcc                x_exit
                0x00128194                x_rm
                0x00122ef4                addarg
                0x0012459c                x_date
                0x00122fe4                ascdate
                0x00124f08                x_echo
                0x00128908                x_routes
                0x001250bc                rfing
                0x001260c0                x_mv
                0x00125bfc                x_mem
                0x00128628                x_route
                0x0012abbc                x_who
                0x00126144                x_net
                0x00123b78                x_arp
                0x0012a350                x_stacktrace
                0x00124eba                summary
                0x0012461c                x_devs
                0x00127dac                x_ps
                0x00125b80                x_kill
                0x0012334c                lexan
                0x00124384                FindName
 *fill*         0x0012acbf        0x1 90909090
 .text          0x0012acc0       0x4c ../sys/arch/x86/clkint.o
                0x0012acc0                clkint
 .text          0x0012ad0c       0x34 ../sys/arch/x86/ctxsw.o
                0x0012ad0e                ctxsw
 .text          0x0012ad40       0xae ../lib/libxc/libxc.a(atoi.o)
                0x0012ad40                atoi
 *fill*         0x0012adee        0x2 90909090
 .text          0x0012adf0        0x0 ../lib/libxc/libxc.a(ctype_.o)
 .text          0x0012adf0      0xa34 ../lib/libxc/libxc.a(doprnt.o)
                0x0012adf0                _doprnt
 .text          0x0012b824       0x48 ../lib/libxc/libxc.a(memcmp.o)
                0x0012b824                memcmp
 .text          0x0012b86c       0x21 ../lib/libxc/libxc.a(memset.o)
                0x0012b86c                memset
 *fill*         0x0012b88d        0x3 90909090
 .text          0x0012b890       0x26 ../lib/libxc/libxc.a(fprintf.o)
                0x0012b890                fprintf
 *fill*         0x0012b8b6        0x2 90909090
 .text          0x0012b8b8       0x44 ../lib/libxc/libxc.a(index.o)
                0x0012b8b8                index
 .text          0x0012b8fc       0x24 ../lib/libxc/libxc.a(printf.o)
                0x0012b8fc                printf
 .text          0x0012b920      0x33d ../lib/libxc/libxc.a(qsort.o)
                0x0012b920                qsort
 *fill*         0x0012bc5d        0x3 90909090
 .text          0x0012bc60       0x42 ../lib/libxc/libxc.a(rindex.o)
                0x0012bc60                rindex
 *fill*         0x0012bca2        0x2 90909090
 .text          0x0012bca4       0x86 ../lib/libxc/libxc.a(sprintf.o)
                0x0012bca4                vsprintf
                0x0012bcdd                sprintf
 *fill*         0x0012bd2a        0x2 90909090
 .text          0x0012bd2c       0x4b ../lib/libxc/libxc.a(strcat.o)
                0x0012bd2c                strcat
 *fill*         0x0012bd77        0x1 90909090
 .text          0x0012bd78       0x5e ../lib/libxc/libxc.a(strcmp.o)
                0x0012bd78                strcmp
 *fill*         0x0012bdd6        0x2 90909090
 .text          0x0012bdd8       0x34 ../lib/libxc/libxc.a(strcpy.o)
                0x0012bdd8                strcpy
 .text          0x0012be0c       0x29 ../lib/libxc/libxc.a(strlen.o)
                0x0012be0c                strlen
 *fill*         0x0012be35        0x3 90909090
 .text          0x0012be38       0x65 ../lib/libxc/libxc.a(strncat.o)
                0x0012be38                strncat
 *fill*         0x0012be9d        0x3 90909090
 .text          0x0012bea0       0x82 ../lib/libxc/libxc.a(strncmp.o)
                0x0012bea0                strncmp
 *fill*         0x0012bf22        0x2 90909090
 .text          0x0012bf24       0x78 ../lib/libxc/libxc.a(strncpy.o)
                0x0012bf24                strncpy
 .text          0x0012bf9c      0x38f libx.a(arpprint.o)
                0x0012bf9c                arpprint
 *fill*         0x0012c32b        0x1 90909090
 .text          0x0012c32c       0xf5 libx.a(hgleave.o)
                0x0012c32c                hgleave
 *fill*         0x0012c421        0x3 90909090
 .text          0x0012c424      0x4dc libx.a(name2ip.o)
                0x0012c424                name2ip
 .text          0x0012c900      0x147 libx.a(unmount.o)
                0x0012c900                unmount
 *fill*         0x0012ca47        0x1 90909090
 .text          0x0012ca48      0x2db libx.a(snclient.o)
                0x0012ca48                snclient
 *fill*         0x0012cd23        0x1 90909090
 .text          0x0012cd24       0xff libx.a(snerr.o)
                0x0012cd24                snerr
 *fill*         0x0012ce23        0x1 90909090
 .text          0x0012ce24      0x646 libx.a(snprint.o)
                0x0012d302                snmpprint_objname
                0x0012ce99                snmpprint_val
                0x0012d24b                snmpprint_objid
                0x0012ce24                snmpprint
 *fill*         0x0012d46a        0x2 90909090
 .text          0x0012d46c       0x51 libx.a(getc.o)
                0x0012d46c                getc
 *fill*         0x0012d4bd        0x3 90909090
 .text          0x0012d4c0       0x61 libx.a(putc.o)
                0x0012d4c0                putc
 *fill*         0x0012d521        0x3 90909090
 .text          0x0012d524       0x6e libx.a(remove.o)
                0x0012d524                remove
 *fill*         0x0012d592        0x2 90909090
 .text          0x0012d594       0xc1 libx.a(rename.o)
                0x0012d594                rename
 *fill*         0x0012d655        0x3 90909090
 .text          0x0012d658       0x69 libx.a(setdev.o)
                0x0012d658                setdev
 *fill*         0x0012d6c1        0x3 90909090
 .text          0x0012d6c4       0x82 libx.a(setnok.o)
                0x0012d6c4                setnok
 *fill*         0x0012d746        0x2 90909090
 .text          0x0012d748       0xc3 libx.a(wakeup.o)
                0x0012d748                wakeup
 *fill*         0x0012d80b        0x1 90909090
 .text          0x0012d80c       0x54 libx.a(getuid.o)
                0x0012d80c                getuid
 .text          0x0012d860      0x143 libx.a(tqdump.o)
                0x0012d8bf                tqwrite
                0x0012d860                tqdump
 *fill*         0x0012d9a3        0x1 90909090
 .text          0x0012d9a4       0xd0 libx.a(hgarpdel.o)
                0x0012d9a4                hgarpdel
 *(.gnu.warning)

.fini
 *(.fini)
                0x0012da74                PROVIDE (__etext, .)
                0x0012da74                PROVIDE (_etext, .)
                0x0012da74                PROVIDE (etext, .)

.rodata         0x0012da74     0x437e
 *(.rodata .rodata.* .gnu.linkonce.r.*)
 .rodata        0x0012da74      0x1b5 ../sys/initialize.o
 .rodata        0x0012dc29       0x5c user.o
 .rodata        0x0012dc85       0x25 libx.a(getutim.o)
 *fill*         0x0012dcaa        0x2 00
 .rodata        0x0012dcac       0xe2 libx.a(netstart.o)
 .rodata        0x0012dd8e       0x18 libx.a(sninit.o)
 .rodata        0x0012dda6       0x18 libx.a(clkinit.o)
 .rodata        0x0012ddbe      0x129 libx.a(conf.o)
 *fill*         0x0012dee7        0x1 00
 .rodata        0x0012dee8      0x160 libx.a(create.o)
 .rodata        0x0012e048      0x644 libx.a(evec.o)
 .rodata        0x0012e68c       0xad libx.a(naminit.o)
 .rodata        0x0012e739       0x21 libx.a(panic.o)
 *fill*         0x0012e75a        0x2 00
 .rodata        0x0012e75c       0xbd libx.a(resched.o)
 .rodata        0x0012e819        0xd libx.a(sdelete.o)
 *fill*         0x0012e826        0x2 00
 .rodata        0x0012e828       0x90 libx.a(i386.o)
 .rodata        0x0012e8b8       0x1c libx.a(tcpcntl.o)
 .rodata        0x0012e8d4       0x81 libx.a(tcpswitch.o)
 *fill*         0x0012e955        0x3 00
 .rodata        0x0012e958       0x50 libx.a(ttycntl.o)
 .rodata        0x0012e9a8        0x8 libx.a(ttyoin.o)
 .rodata        0x0012e9b0       0x40 libx.a(ospf.o)
 .rodata        0x0012e9f0       0x20 libx.a(ospf_ddin.o)
 .rodata        0x0012ea10       0x29 libx.a(ue_intr.o)
 *fill*         0x0012ea39        0x3 00
 .rodata        0x0012ea3c       0xe4 libx.a(ue_init.o)
 .rodata        0x0012eb20       0x4a libx.a(ue_demux.o)
 .rodata        0x0012eb6a       0x11 libx.a(cominit.o)
 *fill*         0x0012eb7b        0x1 00
 .rodata        0x0012eb7c       0xbc libx.a(icsetbuf.o)
 .rodata        0x0012ec38       0x4c libx.a(icsetdata.o)
 .rodata        0x0012ec84        0xc libx.a(hginit.o)
 .rodata        0x0012ec90        0x6 libx.a(echod.o)
 .rodata        0x0012ec96       0x1c libx.a(fingerd.o)
 .rodata        0x0012ecb2       0x86 libx.a(lfing.o)
 .rodata        0x0012ed38       0x21 libx.a(ripin.o)
 .rodata        0x0012ed59        0xe libx.a(rwho.o)
 .rodata        0x0012ed67        0x8 libx.a(rwhod.o)
 *fill*         0x0012ed6f        0x1 00
 .rodata        0x0012ed70       0x1f libx.a(rwhoind.o)
 .rodata        0x0012ed8f       0x15 libx.a(udpecho.o)
 .rodata        0x0012eda4        0x9 libx.a(initgate.o)
 .rodata        0x0012edad        0x7 libx.a(ip2dot.o)
 .rodata        0x0012edb4       0x51 libx.a(ip2name.o)
 .rodata        0x0012ee05       0x14 libx.a(rarpsend.o)
 .rodata        0x0012ee19        0x1 libx.a(mount.o)
 .rodata        0x0012ee1a        0x1 libx.a(rfcntl.o)
 *fill*         0x0012ee1b        0x1 00
 .rodata        0x0012ee1c       0x24 libx.a(rfmkpac.o)
 .rodata        0x0012ee40        0x1 libx.a(rfopen.o)
 .rodata        0x0012ee41        0xe libx.a(rfsend.o)
 .rodata        0x0012ee4f      0x73e libx.a(snmib.o)
 .rodata        0x0012f58d        0x7 libx.a(snparse.o)
 .rodata        0x0012f594       0x38 libx.a(srt_get.o)
 .rodata        0x0012f5cc       0x2c libx.a(srt_set.o)
 .rodata        0x0012f5f8       0x18 libx.a(stc_get.o)
 .rodata        0x0012f610       0x24 libx.a(kill.o)
 .rodata        0x0012f634      0x112 libx.a(stacktrace.o)
 .rodata        0x0012f746        0x1 libx.a(namrepl.o)
 .rodata        0x0012f747       0x1c libx.a(pinit.o)
 .rodata        0x0012f763       0x17 libx.a(psend.o)
 *fill*         0x0012f77a        0x2 00
 .rodata        0x0012f77c       0x27 libx.a(xdone.o)
 .rodata        0x0012f7a3       0x1b libx.a(syslog.o)
 .rodata        0x0012f7be       0x11 libx.a(tcpnxtp.o)
 .rodata        0x0012f7cf       0x18 libx.a(kbmiin.o)
 *fill*         0x0012f7e7        0x1 00
 .rodata        0x0012f7e8      0x220 libx.a(a1rwval.o)
 .rodata        0x0012fa08       0x18 libx.a(sae_get.o)
 .rodata        0x0012fa20       0x68 libx.a(sif_get.o)
 .rodata        0x0012fa88       0x4c libx.a(icmp_in.o)
 .rodata        0x0012fad4     0x1e16 sh.o
 *fill*         0x001318ea        0x2 00
 .rodata        0x001318ec       0xed ../lib/libxc/libxc.a(doprnt.o)
 *fill*         0x001319d9        0x3 00
 .rodata        0x001319dc       0xe5 libx.a(arpprint.o)
 .rodata        0x00131ac1       0x11 libx.a(name2ip.o)
 .rodata        0x00131ad2        0x1 libx.a(unmount.o)
 .rodata        0x00131ad3       0x20 libx.a(snerr.o)
 *fill*         0x00131af3        0x1 00
 .rodata        0x00131af4      0x29a libx.a(snprint.o)
 *fill*         0x00131d8e        0x2 00
 .rodata        0x00131d90       0x62 libx.a(tqdump.o)

.rel.dyn        0x00131df4        0x0 load address 0x00131df2
 .rel.text      0x00000000        0x0 ../sys/com32/c32entry.o
 .rel.data      0x00000000        0x0 ../sys/com32/c32entry.o

.rodata1
 *(.rodata1)
                0x00131df4                . = ALIGN (0x4)
                0x00131df4                PROVIDE (__preinit_array_start, .)

.preinit_array
 *(.preinit_array)
                0x00131df4                PROVIDE (__preinit_array_end, .)
                0x00131df4                PROVIDE (__init_array_start, .)

.init_array
 *(.init_array)
                0x00131df4                PROVIDE (__init_array_end, .)
                0x00131df4                PROVIDE (__fini_array_start, .)

.fini_array
 *(.fini_array)
                0x00131df4                PROVIDE (__fini_array_end, .)
                0x00131df4                PROVIDE (__ctors_start, .)

.ctors
 *(SORT(.ctors.*))
 *(.ctors)
                0x00131df4                PROVIDE (__ctors_end, .)
                0x00131df4                PROVIDE (__dtors_start, .)

.dtors
 *(SORT(.dtors.*))
 *(.dtors)
                0x00131df4                PROVIDE (__dtors_end, .)
                0x00131e00                . = ALIGN (0x80)

.data           0x00131e00     0x47a4
 *(.data .data.* .gnu.linkonce.d.*)
 .data          0x00131e00      0x1d0 ../sys/com32/c32entry.o
                0x00131e40                gdtr
                0x00131e00                gdt
                0x00131e46                idt
                0x00131fc6                idtr
                0x00131fcc                cpudelay
 .data          0x00131fd0        0x0 ../sys/arch/x86/intr.o
 .data          0x00131fd0        0x4 ../sys/initialize.o
                0x00131fd0                revision
 *fill*         0x00131fd4        0xc 00
 .data          0x00131fe0       0x30 user.o
                0x00131fe0                utab
 .data          0x00132010        0x0 libx.a(getutim.o)
 .data          0x00132010        0x0 libx.a(netstart.o)
 .data          0x00132010        0x4 libx.a(setmask.o)
                0x00132010                ip_maskall
 .data          0x00132014        0x0 libx.a(slowtimer.o)
 *fill*         0x00132014        0xc 00
 .data          0x00132020       0x44 libx.a(sninit.o)
                0x00132020                SysObjectID
 .data          0x00132064        0x0 libx.a(clkinit.o)
 .data          0x00132064        0x0 libx.a(close.o)
 *fill*         0x00132064       0x1c 00
 .data          0x00132080      0xd80 libx.a(conf.o)
                0x00132080                devtab
 .data          0x00132e00        0x0 libx.a(control.o)
 .data          0x00132e00        0x0 libx.a(create.o)
 .data          0x00132e00       0x44 libx.a(evec.o)
                0x00132e00                inames
 .data          0x00132e44        0x0 libx.a(getstk.o)
 .data          0x00132e44        0x0 libx.a(gettime.o)
 .data          0x00132e44        0x0 libx.a(gpq.o)
 .data          0x00132e44        0x0 libx.a(init.o)
 .data          0x00132e44        0x0 libx.a(ioerr.o)
 .data          0x00132e44        0x0 libx.a(ionull.o)
 .data          0x00132e44        0x0 libx.a(kprintf.o)
 .data          0x00132e44        0x0 libx.a(kputc.o)
 .data          0x00132e44        0x0 libx.a(mark.o)
 .data          0x00132e44        0x0 libx.a(naminit.o)
 .data          0x00132e44        0x0 libx.a(namopen.o)
 .data          0x00132e44        0x0 libx.a(newqueue.o)
 .data          0x00132e44        0x0 libx.a(open.o)
 .data          0x00132e44        0x0 libx.a(panic.o)
 .data          0x00132e44        0x0 libx.a(read.o)
 .data          0x00132e44        0x0 libx.a(recvtim.o)
 .data          0x00132e44        0x0 libx.a(resched.o)
 .data          0x00132e44        0x0 libx.a(resume.o)
 .data          0x00132e44        0x0 libx.a(screate.o)
 .data          0x00132e44        0x0 libx.a(sdelete.o)
 .data          0x00132e44        0x0 libx.a(signal.o)
 .data          0x00132e44        0x0 libx.a(sleep.o)
 .data          0x00132e44        0x0 libx.a(sleep10.o)
 .data          0x00132e44        0x0 libx.a(userret.o)
 .data          0x00132e44        0x0 libx.a(wait.o)
 .data          0x00132e44        0x0 libx.a(write.o)
 .data          0x00132e44        0x0 libx.a(noclose.o)
 .data          0x00132e44        0x0 libx.a(nocntl.o)
 .data          0x00132e44        0x0 libx.a(nogetc.o)
 .data          0x00132e44        0x0 libx.a(noopen.o)
 .data          0x00132e44        0x0 libx.a(noputc.o)
 .data          0x00132e44        0x0 libx.a(noread.o)
 .data          0x00132e44        0x0 libx.a(noseek.o)
 .data          0x00132e44        0x0 libx.a(nowrite.o)
 .data          0x00132e44        0x0 libx.a(noiint.o)
 .data          0x00132e44        0x0 libx.a(nooint.o)
 *fill*         0x00132e44       0x1c 00
 .data          0x00132e60       0x40 libx.a(i386.o)
                0x00132e60                gdt_copy
 .data          0x00132ea0        0x0 libx.a(tcpclose.o)
 .data          0x00132ea0        0x0 libx.a(tcpcntl.o)
 .data          0x00132ea0        0x0 libx.a(tcpgetc.o)
 .data          0x00132ea0        0x0 libx.a(tcpinit.o)
 .data          0x00132ea0        0x0 libx.a(tcplq.o)
 .data          0x00132ea0        0x0 libx.a(tcpmcntl.o)
 .data          0x00132ea0        0x0 libx.a(tcpmopen.o)
 .data          0x00132ea0        0x0 libx.a(tcpputc.o)
 .data          0x00132ea0        0x0 libx.a(tcpread.o)
 .data          0x00132ea0        0x0 libx.a(tcpserver.o)
 .data          0x00132ea0        0x0 libx.a(tcpstat.o)
 .data          0x00132ea0        0x0 libx.a(tcpuopt.o)
 .data          0x00132ea0        0x0 libx.a(tcpwr.o)
 .data          0x00132ea0        0x0 libx.a(tcpwrite.o)
 .data          0x00132ea0        0x0 libx.a(tcpinp.o)
 .data          0x00132ea0        0x0 libx.a(tcpkick.o)
 .data          0x00132ea0        0x0 libx.a(tcpnet2h.o)
 .data          0x00132ea0        0x0 libx.a(tcpok.o)
 .data          0x00132ea0        0x0 libx.a(tcpopts.o)
 .data          0x00132ea0        0x0 libx.a(tcpout.o)
 .data          0x00132ea0        0x0 libx.a(tcpreset.o)
 .data          0x00132ea0        0x0 libx.a(tcpsmss.o)
 .data          0x00132ea0       0x60 libx.a(tcpswitch.o)
                0x00132ec0                tcpswitch
                0x00132ef0                tcposwitch
                0x00132ea0                tcperror
 .data          0x00132f00        0x0 libx.a(tcpsync.o)
 .data          0x00132f00        0x0 libx.a(tcpsynrcvd.o)
 .data          0x00132f00        0x0 libx.a(tcpsynsent.o)
 .data          0x00132f00        0x0 libx.a(tcptimewait.o)
 .data          0x00132f00        0x0 libx.a(tcpwait.o)
 .data          0x00132f00        0x0 libx.a(tcpwakeup.o)
 .data          0x00132f00        0x0 libx.a(tcpxmit.o)
 .data          0x00132f00        0x0 libx.a(tcptimer.o)
 .data          0x00132f00        0x0 libx.a(tmclear.o)
 .data          0x00132f00        0x0 libx.a(tmleft.o)
 .data          0x00132f00        0x0 libx.a(tmset.o)
 .data          0x00132f00        0x0 libx.a(ttycntl.o)
 .data          0x00132f00        0x0 libx.a(ttygetc.o)
 .data          0x00132f00        0x0 libx.a(ttyiin.o)
 .data          0x00132f00        0x0 libx.a(ttyinit.o)
 .data          0x00132f00        0x0 libx.a(ttyopen.o)
 .data          0x00132f00        0x0 libx.a(ttyputc.o)
 .data          0x00132f00        0x0 libx.a(ttyread.o)
 .data          0x00132f00        0x0 libx.a(ttywrite.o)
 .data          0x00132f00        0x0 libx.a(ttyoin.o)
 .data          0x00132f00        0x0 libx.a(udp_in.o)
 .data          0x00132f00        0x0 libx.a(udpcksum.o)
 .data          0x00132f00        0x0 libx.a(udpnet2h.o)
 .data          0x00132f00        0x0 libx.a(upalloc.o)
 .data          0x00132f00        0x4 libx.a(ospf.o)
                0x00132f00                ospfpid
 .data          0x00132f04        0x0 libx.a(ospfnet2h.o)
 .data          0x00132f04        0x0 libx.a(ospftimer.o)
 .data          0x00132f04        0x0 libx.a(ospf_ddin.o)
 .data          0x00132f04        0x0 libx.a(nb_rexmt.o)
 .data          0x00132f04        0x0 libx.a(nb_makel.o)
 .data          0x00132f04        0x0 libx.a(ddi_exstart.o)
 .data          0x00132f04        0x0 libx.a(ddi_exchng.o)
 .data          0x00132f04        0x0 libx.a(lsr_in.o)
 .data          0x00132f04        0x0 libx.a(db_lookup.o)
 .data          0x00132f04        0x0 libx.a(ddi_full.o)
 .data          0x00132f04        0x0 libx.a(lsa_add.o)
 .data          0x00132f04        0x0 libx.a(lsa_send.o)
 .data          0x00132f04        0x0 libx.a(ospflstmpl.o)
 .data          0x00132f04        0x0 libx.a(lsu_in.o)
 .data          0x00132f04        0x0 libx.a(lsack_in.o)
 .data          0x00132f04        0x0 libx.a(lsr_queue.o)
 .data          0x00132f04        0x0 libx.a(lsr_add.o)
 .data          0x00132f04        0x0 libx.a(lsr_xmit.o)
 .data          0x00132f04        0x0 libx.a(ospflsrtmpl.o)
 .data          0x00132f04        0x0 libx.a(lsr_check.o)
 .data          0x00132f04        0x0 libx.a(ue_intr.o)
 .data          0x00132f04        0x0 libx.a(ue_write.o)
 .data          0x00132f04       0x10 libx.a(ue_init.o)
 .data          0x00132f14        0x0 libx.a(ue_cntl.o)
 .data          0x00132f14        0x0 libx.a(ue_int.o)
 .data          0x00132f14        0x0 libx.a(ue_demux.o)
 .data          0x00132f14        0x0 libx.a(ue_wstrt.o)
 .data          0x00132f14        0x0 libx.a(conio.o)
 .data          0x00132f14        0x0 libx.a(arpinit.o)
 .data          0x00132f14        0x0 libx.a(arptimer.o)
 *fill*         0x00132f14        0xc 00
 .data          0x00132f20       0xac libx.a(comcntl.o)
                0x00132f80                lstab
                0x00132f20                brtab
 .data          0x00132fcc        0x0 libx.a(comgetc.o)
 .data          0x00132fcc        0x0 libx.a(cominit.o)
 .data          0x00132fcc        0x0 libx.a(comoutput.o)
 .data          0x00132fcc        0x0 libx.a(comint.o)
 .data          0x00132fcc        0x0 libx.a(comintr.o)
 .data          0x00132fcc        0x0 libx.a(kbmcntl.o)
 .data          0x00132fcc        0x0 libx.a(kbmgetc.o)
 .data          0x00132fcc        0x0 libx.a(kbminit.o)
 .data          0x00132fcc        0xc libx.a(kbmoutput.o)
                0x00132fd0                Crtat
 .data          0x00132fd8        0x0 libx.a(kbmint.o)
 .data          0x00132fd8        0x0 libx.a(dgclose.o)
 .data          0x00132fd8        0x0 libx.a(dgcntl.o)
 .data          0x00132fd8        0x0 libx.a(dginit.o)
 .data          0x00132fd8        0x0 libx.a(dgmcntl.o)
 .data          0x00132fd8        0x0 libx.a(dgmopen.o)
 .data          0x00132fd8        0x0 libx.a(dgread.o)
 .data          0x00132fd8        0x0 libx.a(dgwrite.o)
 .data          0x00132fd8        0x0 libx.a(icmp.o)
 .data          0x00132fd8        0x0 libx.a(icsetbuf.o)
 .data          0x00132fd8        0x0 libx.a(icsetdata.o)
 .data          0x00132fd8        0x0 libx.a(icsetsrc.o)
 .data          0x00132fd8        0x0 libx.a(hginit.o)
 .data          0x00132fd8        0x0 libx.a(hgjoin.o)
 .data          0x00132fd8        0x8 libx.a(igmp.o)
                0x00132fdc                ig_allDmask
                0x00132fd8                ig_allhosts
 .data          0x00132fe0        0x0 libx.a(hglookup.o)
 .data          0x00132fe0        0x0 libx.a(igmp_update.o)
 .data          0x00132fe0        0x8 libx.a(hgrand.o)
                0x00132fe4                offset
                0x00132fe0                modulus
 .data          0x00132fe8        0x0 libx.a(ipfinit.o)
 .data          0x00132fe8        0x0 libx.a(ipftimer.o)
 .data          0x00132fe8        0x0 libx.a(ipproc.o)
 .data          0x00132fe8        0x0 libx.a(ipputp.o)
 .data          0x00132fe8        0x0 libx.a(ipreass.o)
 .data          0x00132fe8        0x0 libx.a(ipredirect.o)
 .data          0x00132fe8        0x8 libx.a(ipsend.o)
                0x00132fec                ip_loopback
 .data          0x00132ff0        0x0 libx.a(rtadd.o)
 .data          0x00132ff0        0x0 libx.a(rtdel.o)
 .data          0x00132ff0        0x0 libx.a(rtfree.o)
 .data          0x00132ff0        0x0 libx.a(rtget.o)
 .data          0x00132ff0        0x0 libx.a(rthash.o)
 .data          0x00132ff0        0x0 libx.a(rtinit.o)
 .data          0x00132ff0        0x0 libx.a(rtnew.o)
 .data          0x00132ff0        0x0 libx.a(rttimer.o)
 .data          0x00132ff0        0x0 libx.a(echod.o)
 .data          0x00132ff0        0x0 libx.a(fingerd.o)
 .data          0x00132ff0        0x0 libx.a(lfing.o)
 .data          0x00132ff0        0x4 libx.a(ripin.o)
                0x00132ff0                rippid
 .data          0x00132ff4        0x0 libx.a(ripout.o)
 .data          0x00132ff4        0x0 libx.a(riprecv.o)
 .data          0x00132ff4        0x0 libx.a(riprepl.o)
 .data          0x00132ff4        0x0 libx.a(ripsend.o)
 .data          0x00132ff4        0x0 libx.a(rwho.o)
 .data          0x00132ff4        0x0 libx.a(rwhod.o)
 .data          0x00132ff4        0x0 libx.a(rwhoind.o)
 .data          0x00132ff4        0x0 libx.a(snmpd.o)
 .data          0x00132ff4        0x0 libx.a(udpecho.o)
 .data          0x00132ff4        0x0 libx.a(cksum.o)
 .data          0x00132ff4        0x0 libx.a(dnparse.o)
 .data          0x00132ff4        0x0 libx.a(dot2ip.o)
 .data          0x00132ff4        0x0 libx.a(getiaddr.o)
 .data          0x00132ff4        0x0 libx.a(getname.o)
 .data          0x00132ff4       0x18 libx.a(initgate.o)
 .data          0x0013300c        0x8 libx.a(inithost.o)
 .data          0x00133014        0x0 libx.a(ip2dot.o)
 .data          0x00133014        0x0 libx.a(ip2name.o)
 .data          0x00133014        0x0 libx.a(netmask.o)
 .data          0x00133014        0x0 libx.a(netmatch.o)
 .data          0x00133014        0x0 libx.a(netnum.o)
 .data          0x00133014        0x0 libx.a(netwrite.o)
 .data          0x00133014        0x0 libx.a(ni_in.o)
 .data          0x00133014        0x0 libx.a(rarp_in.o)
 .data          0x00133014        0x0 libx.a(rarpsend.o)
 .data          0x00133014        0x6 libx.a(ethmcast.o)
                0x00133014                multitemplate
 *fill*         0x0013301a        0x2 00
 .data          0x0013301c        0x0 libx.a(mount.o)
 .data          0x0013301c        0x0 libx.a(rfclose.o)
 .data          0x0013301c        0x0 libx.a(rfcntl.o)
 .data          0x0013301c        0x0 libx.a(rfgetc.o)
 .data          0x0013301c        0x0 libx.a(rfinit.o)
 .data          0x0013301c        0x0 libx.a(rfmkpac.o)
 .data          0x0013301c        0x0 libx.a(rfopen.o)
 .data          0x0013301c        0x0 libx.a(rfputc.o)
 .data          0x0013301c        0x0 libx.a(rfread.o)
 .data          0x0013301c        0x0 libx.a(rfseek.o)
 .data          0x0013301c        0x0 libx.a(rfsend.o)
 .data          0x0013301c        0x0 libx.a(rfwrite.o)
 .data          0x0013301c        0xb libx.a(mksnmp.o)
                0x0013301c                SNVCBACK
 *fill*         0x00133027        0x1 00
 .data          0x00133028        0x0 libx.a(sna2b.o)
 .data          0x00133028        0x0 libx.a(snb2a.o)
 .data          0x00133028        0x0 libx.a(snfreebl.o)
 .data          0x00133028        0x0 libx.a(snhash.o)
 *fill*         0x00133028       0x18 00